 tutorial

 Timestamp is 3ee8e62f (Thu Jun 12 13:44:31 2003)

 Preferred load address is 00400000

 Start         Length     Name                   Class
 0001:00000000 0006c199H .text                   CODE
 0001:0006c199 0002ee07H .textbss                CODE
 0002:00000000 00006766H .rdata                  DATA
 0002:00006766 00000000H .edata                  DATA
 0003:00000000 00000104H .CRT$XCA                DATA
 0003:00000104 00000104H .CRT$XCZ                DATA
 0003:00000208 00000104H .CRT$XIA                DATA
 0003:0000030c 00000109H .CRT$XIC                DATA
 0003:00000418 00000104H .CRT$XIZ                DATA
 0003:0000051c 00000104H .CRT$XPA                DATA
 0003:00000620 00000109H .CRT$XPX                DATA
 0003:0000072c 00000104H .CRT$XPZ                DATA
 0003:00000830 00000104H .CRT$XTA                DATA
 0003:00000934 00000104H .CRT$XTZ                DATA
 0003:00000a40 00001c1eH .data                   DATA
 0003:00002660 000022a4H .bss                    DATA
 0004:00000000 0000003cH .idata$2                DATA
 0004:0000003c 00000014H .idata$3                DATA
 0004:00000050 000002d0H .idata$4                DATA
 0004:00000320 000002d0H .idata$5                DATA
 0004:000005f0 000008acH .idata$6                DATA

  Address         Publics by Value              Rva+Base     Lib:Object

 0001:000012e0       _dmfInitAccess             004022e0 f   Access.obj
 0001:00001450       _dmfCloseAccess            00402450 f   Access.obj
 0001:000014e0       _dmfCommitAccess           004024e0 f   Access.obj
 0001:00001560       _dmfCanAccess              00402560 f   Access.obj
 0001:00001650       _dmfUserAccessLevel        00402650 f   Access.obj
 0001:00001740       _dmfEjGetNextUser          00402740 f   Access.obj
 0001:00001840       _dmfEjGetUserName          00402840 f   Access.obj
 0001:000018e0       _dmfEjUserCanAccess        004028e0 f   Access.obj
 0001:000019d0       _dmfEjGetUserDetail        004029d0 f   Access.obj
 0001:00001b90       _SystemInfoQuery           00402b90 f   UserFunc.obj
 0001:00001c00       _dmfUserCommandHandler     00402c00 f   Access.obj
 0001:00001e20       _dmfEjGetGroup             00402e20 f   Access.obj
 0001:00001f40       _dmfEjGetGroupDetail       00402f40 f   Access.obj
 0001:00002270       _CycCancel                 00403270 f   UserFunc.obj
 0001:00002340       _dmfGroupCommandHandler    00403340 f   Access.obj
 0001:00002720       _Foo                       00403720 f   UserFunc.obj
 0001:00002950       _dmfAddUser                00403950 f   Access.obj
 0001:00002a10       _dmfDeleteUser             00403a10 f   Access.obj
 0001:00002ac0       _dmfModifyUser             00403ac0 f   Access.obj
 0001:00002be0       _dmfAddGroup               00403be0 f   Access.obj
 0001:00002db0       _dmfModifyGroup            00403db0 f   Access.obj
 0001:00002ee0       _dmfDeleteGroup            00403ee0 f   Access.obj
 0001:00003030       _dmfEjGetCookieVal         00404030 f   Cookie.obj
 0001:00003250       _dmfCookieCommandHandler   00404250 f   Cookie.obj
 0001:00003b70       _dmfInitParams             00404b70 f   Dmf.obj
 0001:00003e40       _dmfInit                   00404e40 f   Dmf.obj
 0001:00004370       _dmfClose                  00405370 f   Dmf.obj
 0001:00004410       _dmfFindParam              00405410 f   Dmf.obj
 0001:00004490       _dmfGetParamPtr            00405490 f   Dmf.obj
 0001:00004550       _dmfGetRequestNumber       00405550 f   Dmf.obj
 0001:00004580       _dmfIncrementRequestNumber 00405580 f   Dmf.obj
 0001:000045c0       _dmfCommand                004055c0 f   Dmf.obj
 0001:00004670       _dmfDebugTraceSymbolTable  00405670 f   Dmf.obj
 0001:000046a0       _dmfPersistSymbolTable     004056a0 f   Dmf.obj
 0001:000047d0       _dmfReloadSymbolTable      004057d0 f   Dmf.obj
 0001:000049f0       _dmfEjGetRequestNumber     004059f0 f   EjFuncs.obj
 0001:00004a70       _dmfEjGetQueryVal          00405a70 f   EjFuncs.obj
 0001:00004b30       _dmfEjGetVal               00405b30 f   EjFuncs.obj
 0001:00004c40       _dmfEjGet                  00405c40 f   EjFuncs.obj
 0001:00004d90       _dmfEjSet                  00405d90 f   EjFuncs.obj
 0001:00004e60       _dmfEjDebugInfo            00405e60 f   EjFuncs.obj
 0001:000050f0       _dmfEjMinVal               004060f0 f   EjFuncs.obj
 0001:000051d0       _dmfEjMaxVal               004061d0 f   EjFuncs.obj
 0001:000052b0       _dmfEjGetTime              004062b0 f   EjFuncs.obj
 0001:000053d0       _dmfEjFormatTime           004063d0 f   EjFuncs.obj
 0001:000054b0       _dmfCreateErrors           004064b0 f   Error.obj
 0001:00005580       _dmfDestroyErrors          00406580 f   Error.obj
 0001:00005640       _dmfClearErrors            00406640 f   Error.obj
 0001:00005770       _dmfEjGetErrorCode         00406770 f   Error.obj
 0001:000057e0       _dmfEjGetErrorCount        004067e0 f   Error.obj
 0001:00005930       _dmfEjGetErrorMessage      00406930 f   Error.obj
 0001:00005a70       _dmfGetErrorName           00406a70 f   Error.obj
 0001:00005ac0       _dmfFormatErrorString      00406ac0 f   Error.obj
 0001:00005c60       _dmfAddError               00406c60 f   Error.obj
 0001:00005e60       _dmfFormatError            00406e60 f   Error.obj
 0001:00006000       _dmfSetErrorPage           00407000 f   Error.obj
 0001:00006080       _dmfGetErrorCount          00407080 f   Error.obj
 0001:000060f0       _dmfGetErrorString         004070f0 f   Error.obj
 0001:000061f0       _dmfGetErrorCodeImpl       004071f0 f   Error.obj
 0001:00006220       _dmfSetErrorCode           00407220 f   Error.obj
 0001:000062f0       _dmfRichError              004072f0 f   Error.obj
 0001:000069f0       _dmfFormHandler            004079f0 f   Forms.obj
 0001:00006e80       _dmfFormCleanup            00407e80 f   Forms.obj
 0001:00007020       _dmfGetInt32               00408020 f   GetFuncs.obj
 0001:000070a0       _dmfGetInt16               004080a0 f   GetFuncs.obj
 0001:00007120       _dmfGetInt8                00408120 f   GetFuncs.obj
 0001:000071a0       _dmfGetUInt32              004081a0 f   GetFuncs.obj
 0001:00007220       _dmfGetUInt16              00408220 f   GetFuncs.obj
 0001:000072a0       _dmfGetUInt8               004082a0 f   GetFuncs.obj
 0001:00007320       _dmfGetFloat               00408320 f   GetFuncs.obj
 0001:000073c0       _dmfGetDouble              004083c0 f   GetFuncs.obj
 0001:00007460       _dmfGetString              00408460 f   GetFuncs.obj
 0001:000074d0       _dmfGetParam               004084d0 f   GetSet.obj
 0001:000075a0       _dmfGetParamByIndex        004085a0 f   GetSet.obj
 0001:000079f0       _dmfSetParam               004089f0 f   GetSet.obj
 0001:00007af0       _dmfSetParamByIndex        00408af0 f   GetSet.obj
 0001:00007d80       _dmfCommitParam            00408d80 f   GetSet.obj
 0001:00007eb0       _dmfSetLanguage            00408eb0 f   Localize.obj
 0001:00007fe0       _dmfGetLanguage            00408fe0 f   Localize.obj
 0001:00008010       _dmfLoadLanguage           00409010 f   Localize.obj
 0001:00008120       _dmfCloseLanguage          00409120 f   Localize.obj
 0001:00008180       _dmfGetLabel               00409180 f   Localize.obj
 0001:00008220       _dmfEjGetLabel             00409220 f   Localize.obj
 0001:00008360       _dmfEjGetLabelVal          00409360 f   Localize.obj
 0001:00008480       _dmfEjGetLanguageCode      00409480 f   Localize.obj
 0001:00008570       _dmfInitLocals             00409570 f   Locals.obj
 0001:00008600       _dmfCloseLocals            00409600 f   Locals.obj
 0001:00008690       _dmfKeyIsLocalVar          00409690 f   Locals.obj
 0001:000086d0       _dmfRegisterLocalHook      004096d0 f   Locals.obj
 0001:00008770       _dmfGetLocal               00409770 f   Locals.obj
 0001:00008950       _dmfSetLocal               00409950 f   Locals.obj
 0001:00008a20       _dmfSetLocalImpl           00409a20 f   Locals.obj
 0001:00008b20       _dmfDeleteLocal            00409b20 f   Locals.obj
 0001:00008be0       _dmfPersistLocals          00409be0 f   Locals.obj
 0001:00008c70       _dmfReloadLocals           00409c70 f   Locals.obj
 0001:00008d00       _WinMain@16                00409d00 f   main.obj
 0001:00009f50       _dmfUserPreInit            0040af50 f   UserFunc.obj
 0001:00009fa0       _dmfUserPostInit           0040afa0 f   UserFunc.obj
 0001:0000a4e0       _defaultErrorHandler       0040b4e0 f   main.obj
 0001:0000a510       _defaultTraceHandler       0040b510 f   main.obj
 0001:0000a540       _websGetCgiCommName        0040b540 f   main.obj
 0001:0000a5b0       _websLaunchCgiProc         0040b5b0 f   main.obj
 0001:0000aa20       _websCheckCgiProc          0040ba20 f   main.obj
 0001:0000ac10       _dmfParseGetArgs           0040bc10 f   Parse.obj
 0001:0000ace0       _dmfParseSetArgs           0040bce0 f   Parse.obj
 0001:0000adc0       _dmfParseKeyValueString    0040bdc0 f   Parse.obj
 0001:0000af10       _dmfParseQueryString       0040bf10 f   Parse.obj
 0001:0000aff0       _dmfCreateRpcContext       0040bff0 f   RpcUtil.obj
 0001:0000b0c0       _dmfDestroyRpcContext      0040c0c0 f   RpcUtil.obj
 0001:0000b140       _dmfResetRpcContext        0040c140 f   RpcUtil.obj
 0001:0000b230       _dmfRpcCallFunction        0040c230 f   RpcUtil.obj
 0001:0000b300       _GetValueRaw               0040c300 f   RpcUtil.obj
 0001:0000b390       _GetValueInteger           0040c390 f   RpcUtil.obj
 0001:0000b430       _GetValueBoolean           0040c430 f   RpcUtil.obj
 0001:0000b4d0       _GetValueDouble            0040c4d0 f   RpcUtil.obj
 0001:0000b570       _GetValueString            0040c570 f   RpcUtil.obj
 0001:0000b610       _GetValueBase64            0040c610 f   RpcUtil.obj
 0001:0000b650       _RenameNode                0040c650 f   RpcUtil.obj
 0001:0000b6c0       _DestroyNode               0040c6c0 f   RpcUtil.obj
 0001:0000b780       _GetValueNodePtr           0040c780 f   RpcUtil.obj
 0001:0000b7e0       _GetStructNodePtr          0040c7e0 f   RpcUtil.obj
 0001:0000b840       _GetArrayNodePtr           0040c840 f   RpcUtil.obj
 0001:0000b8a0       _CreateValueNode           0040c8a0 f   RpcUtil.obj
 0001:0000ba30       _CreateIntegerValueNode    0040ca30 f   RpcUtil.obj
 0001:0000bab0       _CreateDoubleValueNode     0040cab0 f   RpcUtil.obj
 0001:0000bb40       _CreateStringValueNode     0040cb40 f   RpcUtil.obj
 0001:0000bb90       _CreateBooleanValueNode    0040cb90 f   RpcUtil.obj
 0001:0000bc60       _CreateStructMemberNode    0040cc60 f   RpcUtil.obj
 0001:0000bcd0       _CreateStructNode          0040ccd0 f   RpcUtil.obj
 0001:0000bdb0       _AddNodeToStruct           0040cdb0 f   RpcUtil.obj
 0001:0000be20       _AddNodeToNode             0040ce20 f   RpcUtil.obj
 0001:0000bfc0       _GetNextMember             0040cfc0 f   RpcUtil.obj
 0001:0000c040       _CreateArrayNode           0040d040 f   RpcUtil.obj
 0001:0000c1d0       _AddNodeToArray            0040d1d0 f   RpcUtil.obj
 0001:0000c280       _GetNextArrayNode          0040d280 f   RpcUtil.obj
 0001:0000c300       _CreateTree                0040d300 f   RpcUtil.obj
 0001:0000c3e0       _DestroyTree               0040d3e0 f   RpcUtil.obj
 0001:0000c450       _ResetTree                 0040d450 f   RpcUtil.obj
 0001:0000c4e0       _AddTreeNode               0040d4e0 f   RpcUtil.obj
 0001:0000c680       _CloseTreeNode             0040d680 f   RpcUtil.obj
 0001:0000c6c0       _dmfRpcGetParam            0040d6c0 f   RpcUtil.obj
 0001:0000ca90       _dmfRpcEchoFunc            0040da90 f   RpcUtil.obj
 0001:0000cdb0       _dmfInitSession            0040ddb0 f   Session.obj
 0001:0000ce50       _dmfCloseSession           0040de50 f   Session.obj
 0001:0000d040       _dmfFindSession            0040e040 f   Session.obj
 0001:0000d300       _dmfSetInt32               0040e300 f   SetFuncs.obj
 0001:0000d3d0       _dmfSetInt16               0040e3d0 f   SetFuncs.obj
 0001:0000d4c0       _dmfSetInt8                0040e4c0 f   SetFuncs.obj
 0001:0000d5a0       _dmfSetUInt32              0040e5a0 f   SetFuncs.obj
 0001:0000d670       _dmfSetUInt16              0040e670 f   SetFuncs.obj
 0001:0000d750       _dmfSetUInt8               0040e750 f   SetFuncs.obj
 0001:0000d830       _dmfSetFloat               0040e830 f   SetFuncs.obj
 0001:0000d910       _dmfSetDouble              0040e910 f   SetFuncs.obj
 0001:0000d9f0       _dmfSetStringDynamic       0040e9f0 f   SetFuncs.obj
 0001:0000da30       _dmfSetStringFixed         0040ea30 f   SetFuncs.obj
 0001:0000db10       _dmfInitSoap               0040eb10 f   Soap.obj
 0001:0000dcb0       _dmfCloseSoap              0040ecb0 f   Soap.obj
 0001:0000dd20       _dmfSoapHandler            0040ed20 f   Soap.obj
 0001:0000e0b0       _dmfSoapAddFunction        0040f0b0 f   Soap.obj
 0001:0000faa0       _CreateStringBuf           00410aa0 f   StringBuf.obj
 0001:0000fb40       _DestroyStringBuf          00410b40 f   StringBuf.obj
 0001:0000fba0       _ResetStringBuf            00410ba0 f   StringBuf.obj
 0001:0000fbf0       _GetString                 00410bf0 f   StringBuf.obj
 0001:0000fc50       _GetStringLength           00410c50 f   StringBuf.obj
 0001:0000fca0       _AddString                 00410ca0 f   StringBuf.obj
 0001:0000fd00       _AddBufToString            00410d00 f   StringBuf.obj
 0001:0000fe20       _dmfInitXmlRpc             00410e20 f   XmlRpc.obj
 0001:00010990       _ValuesQuery               00411990 f   UserFunc.obj
 0001:00010a00       _TextInput                 00411a00 f   UserFunc.obj
 0001:00010c70       _dmfCloseXmlRpc            00411c70 f   XmlRpc.obj
 0001:00010d30       _dmfXmlRpcAddFunction      00411d30 f   XmlRpc.obj
 0001:00010de0       _dmfXmlRpcHandler          00411de0 f   XmlRpc.obj
 0001:000122c0       _dmfXmlRpcGetErrors        004132c0 f   XmlRpcFuncs.obj
 0001:00012480       _dmfXmlRpcGet              00413480 f   XmlRpcFuncs.obj
 0001:000126c0       _dmfXmlRpcSet              004136c0 f   XmlRpcFuncs.obj
 0001:000128c0       _dmfXmlRpcGetLabel         004138c0 f   XmlRpcFuncs.obj
 0001:000129b0       _websAspOpen               004139b0 f   asp.obj
 0001:00012a30       _websAspClose              00413a30 f   asp.obj
 0001:00012ab0       _websAspRequest            00413ab0 f   asp.obj
 0001:00012f60       _ValuesCommit              00413f60 f   UserFunc.obj
 0001:00013080       _websAspDefine             00414080 f   asp.obj
 0001:000130d0       _websAspWrite              004140d0 f   asp.obj
 0001:00013340       _bopen                     00414340 f   balloc.obj
 0001:00013450       _bclose                    00414450 f   balloc.obj
 0001:000134d0       _balloc                    004144d0 f   balloc.obj
 0001:00013720       _bfree                     00414720 f   balloc.obj
 0001:000137f0       _bfreeSafe                 004147f0 f   balloc.obj
 0001:00013840       _bstrdup                   00414840 f   balloc.obj
 0001:000138d0       _brealloc                  004148d0 f   balloc.obj
 0001:00013a30       _bstats                    00414a30 f   balloc.obj
 0001:00013a60       _websDecode64              00414a60 f   base64.obj
 0001:00013c50       _websEncode64              00414c50 f   base64.obj
 0001:00013dc0       _websCgiHandler            00414dc0 f   cgi.obj
 0001:00014690       _websCgiGatherOutput       00415690 f   cgi.obj
 0001:00014810       _websCgiCleanup            00415810 f   cgi.obj
 0001:00014a40       _websDefaultHandler        00415a40 f   default.obj
 0001:00014ed0       _websValidateUrl           00415ed0 f   default.obj
 0001:00015740       _websDefaultClose          00416740 f   default.obj
 0001:000157d0       _websGetDefaultPage        004167d0 f   default.obj
 0001:00015800       _websGetDefaultDir         00416800 f   default.obj
 0001:00015830       _websSetDefaultPage        00416830 f   default.obj
 0001:000158a0       _websSetDefaultDir         004168a0 f   default.obj
 0001:00015910       _ejLexOpen                 00416910 f   ejlex.obj
 0001:00015940       _ejLexClose                00416940 f   ejlex.obj
 0001:00015970       _ejLexOpenScript           00416970 f   ejlex.obj
 0001:00015a80       _ejLexCloseScript          00416a80 f   ejlex.obj
 0001:00015b50       _ejLexSaveInputState       00416b50 f   ejlex.obj
 0001:00015bd0       _ejLexRestoreInputState    00416bd0 f   ejlex.obj
 0001:00015c90       _ejLexFreeInputState       00416c90 f   ejlex.obj
 0001:00015cf0       _ejLexGetToken             00416cf0 f   ejlex.obj
 0001:00016a00       _GetUptime                 00417a00 f   UserFunc.obj
 0001:00016d20       _ejLexPutbackToken         00417d20 f   ejlex.obj
 0001:00017140       _ejOpenEngine              00418140 f   ejparse.obj
 0001:000172f0       _ejCloseEngine             004182f0 f   ejparse.obj
 0001:00017460       _ejEvalFile                00418460 f   ejparse.obj
 0001:000176c0       _ejOpenBlock               004186c0 f   ejparse.obj
 0001:00017780       _ejCloseBlock              00418780 f   ejparse.obj
 0001:00017820       _ejEvalBlock               00418820 f   ejparse.obj
 0001:000178a0       _ejEval                    004188a0 f   ejparse.obj
 0001:00019b10       _ejError                   0041ab10 f   ejparse.obj
 0001:00019d90       _ejSetGlobalFunction       0041ad90 f   ejparse.obj
 0001:00019e00       _ejSetGlobalFunctionDirect 0041ae00 f   ejparse.obj
 0001:00019e90       _ejRemoveGlobalFunction    0041ae90 f   ejparse.obj
 0001:00019f00       _ejGetGlobalFunction       0041af00 f   ejparse.obj
 0001:00019f90       _ejArgs                    0041af90 f   ejparse.obj
 0001:0001a0d0       _ejSetUserHandle           0041b0d0 f   ejparse.obj
 0001:0001a130       _ejGetUserHandle           0041b130 f   ejparse.obj
 0001:0001a190       _ejGetLineNumber           0041b190 f   ejparse.obj
 0001:0001a1f0       _ejSetResult               0041b1f0 f   ejparse.obj
 0001:0001a260       _ejGetResult               0041b260 f   ejparse.obj
 0001:0001a2c0       _ejSetVar                  0041b2c0 f   ejparse.obj
 0001:0001a3e0       _ejSetLocalVar             0041b3e0 f   ejparse.obj
 0001:0001a500       _ejSetGlobalVar            0041b500 f   ejparse.obj
 0001:0001a610       _ejGetVar                  0041b610 f   ejparse.obj
 0001:0001a6f0       _ejGetVariableTable        0041b6f0 f   ejparse.obj
 0001:0001a750       _ejGetFunctionTable        0041b750 f   ejparse.obj
 0001:0001a970       _dbRegisterDBSchema        0041b970 f   emfdb.obj
 0001:0001ab10       _dbOpen                    0041bb10 f   emfdb.obj
 0001:0001ab70       _dbClose                   0041bb70 f   emfdb.obj
 0001:0001ace0       _dbZero                    0041bce0 f   emfdb.obj
 0001:0001ae60       _dbSearchStr               0041be60 f   emfdb.obj
 0001:0001afd0       _dbAddRow                  0041bfd0 f   emfdb.obj
 0001:0001b0c0       _dbDeleteRow               0041c0c0 f   emfdb.obj
 0001:0001b290       _dbSetTableNrow            0041c290 f   emfdb.obj
 0001:0001b3d0       _dbGetTableNrow            0041c3d0 f   emfdb.obj
 0001:0001b460       _dbReadInt                 0041c460 f   emfdb.obj
 0001:0001b560       _dbReadStr                 0041c560 f   emfdb.obj
 0001:0001b5c0       _dbWriteInt                0041c5c0 f   emfdb.obj
 0001:0001b6c0       _dbWriteStr                0041c6c0 f   emfdb.obj
 0001:0001b820       _dbSave                    0041c820 f   emfdb.obj
 0001:0001bca0       _dbLoad                    0041cca0 f   emfdb.obj
 0001:0001c1a0       _dbGetTableId              0041d1a0 f   emfdb.obj
 0001:0001c240       _dbGetTableName            0041d240 f   emfdb.obj
 0001:0001c420       _basicSetProductDir        0041d420 f   emfdb.obj
 0001:0001c4d0       _basicGetProductDir        0041d4d0 f   emfdb.obj
 0001:0001c520       _websFormHandler           0041d520 f   form.obj
 0001:0001c6c0       _websFormDefine            0041d6c0 f   form.obj
 0001:0001c750       _websFormOpen              0041d750 f   form.obj
 0001:0001c7a0       _websFormClose             0041d7a0 f   form.obj
 0001:0001c800       _websHeader                0041d800 f   form.obj
 0001:0001c8d0       _websFooter                0041d8d0 f   form.obj
 0001:0001c920       _hAlloc                    0041d920 f   h.obj
 0001:0001caf0       _hFree                     0041daf0 f   h.obj
 0001:0001cc00       _hAllocEntry               0041dc00 f   h.obj
 0001:0001cce0       _websUrlHandlerOpen        0041dce0 f   handler.obj
 0001:0001cd50       _websUrlHandlerClose       0041dd50 f   handler.obj
 0001:0001ce30       _websUrlHandlerDefine      0041de30 f   handler.obj
 0001:0001cfa0       _websUrlHandlerDelete      0041dfa0 f   handler.obj
 0001:0001d130       _websPublish               0041e130 f   handler.obj
 0001:0001d190       _websGetPublishDir         0041e190 f   handler.obj
 0001:0001d2e0       _websUrlHandlerRequest     0041e2e0 f   handler.obj
 0001:0001d5f0       _MD5Init                   0041e5f0 f   md5c.obj
 0001:0001d660       _MD5Update                 0041e660 f   md5c.obj
 0001:0001d7d0       _MD5Final                  0041e7d0 f   md5c.obj
 0001:0001edc0       _basename                  0041fdc0 f   misc.obj
 0001:0001ee80       _dirname                   0041fe80 f   misc.obj
 0001:0001efc0       _fmtAlloc                  0041ffc0 f   misc.obj
 0001:0001f040       _fmtStatic                 00420040 f   misc.obj
 0001:0001f0c0       _fmtRealloc                004200c0 f   misc.obj
 0001:0001f140       _fmtValloc                 00420140 f   misc.obj
 0001:00020100       _ascToUni                  00421100 f   misc.obj
 0001:00020150       _uniToAsc                  00421150 f   misc.obj
 0001:000201a0       _ballocAscToUni            004211a0 f   misc.obj
 0001:00020230       _ballocUniToAsc            00421230 f   misc.obj
 0001:000202b0       _hextoi                    004212b0 f   misc.obj
 0001:000203b0       _gstrtoi                   004213b0 f   misc.obj
 0001:00020440       _websPageOpen              00421440 f   page.obj
 0001:000204b0       _websPageClose             004214b0 f   page.obj
 0001:00020520       _websPageStat              00421520 f   page.obj
 0001:000205b0       _websPageIsDirectory       004215b0 f   page.obj
 0001:00020620       _websPageReadData          00421620 f   page.obj
 0001:00020680       _websPageSeek              00421680 f   page.obj
 0001:000206e0       _ringqOpen                 004216e0 f   ringq.obj
 0001:000207b0       _ringqClose                004217b0 f   ringq.obj
 0001:00020820       _ringqLen                  00421820 f   ringq.obj
 0001:00020880       _ringqGetc                 00421880 f   ringq.obj
 0001:00020910       _ringqPutc                 00421910 f   ringq.obj
 0001:000209c0       _ringqInsertc              004219c0 f   ringq.obj
 0001:00020a70       _ringqPutStr               00421a70 f   ringq.obj
 0001:00020ae0       _ringqAddNull              00421ae0 f   ringq.obj
 0001:00020b20       _ringqPutBlk               00421b20 f   ringq.obj
 0001:00020c80       _ringqGetBlk               00421c80 f   ringq.obj
 0001:00020d90       _ringqPutBlkMax            00421d90 f   ringq.obj
 0001:00020e40       _ringqGetBlkMax            00421e40 f   ringq.obj
 0001:00020ef0       _ringqPutBlkAdj            00421ef0 f   ringq.obj
 0001:00020fb0       _ringqGetBlkAdj            00421fb0 f   ringq.obj
 0001:00021070       _ringqFlush                00422070 f   ringq.obj
 0001:000212a0       _websSecurityHandler       004222a0 f   security.obj
 0001:000216e0       _websSecurityDelete        004226e0 f   security.obj
 0001:00021730       _websSetPassword           00422730 f   security.obj
 0001:00021780       _websGetPassword           00422780 f   security.obj
 0001:000217d0       _socketWrite               004227d0 f   sock.obj
 0001:00021950       _socketWriteString         00422950 f   sock.obj
 0001:000219b0       _socketRead                004229b0 f   sock.obj
 0001:00021c10       _socketGets                00422c10 f   sock.obj
 0001:00021d90       _socketFlush               00422d90 f   sock.obj
 0001:00021fd0       _socketInputBuffered       00422fd0 f   sock.obj
 0001:00022070       _socketEof                 00423070 f   sock.obj
 0001:000220e0       _socketCanWrite            004230e0 f   sock.obj
 0001:00022160       _socketSetBufferSize       00423160 f   sock.obj
 0001:00022280       _socketCreateHandler       00423280 f   sock.obj
 0001:00022310       _socketDeleteHandler       00423310 f   sock.obj
 0001:000225f0       _socketAlloc               004235f0 f   sock.obj
 0001:00022750       _socketFree                00423750 f   sock.obj
 0001:00022940       _socketPtr                 00423940 f   sock.obj
 0001:000229b0       _socketGetError            004239b0 f   sock.obj
 0001:00022ac0       _socketGetHandle           00423ac0 f   sock.obj
 0001:00022b20       _socketGetBlock            00423b20 f   sock.obj
 0001:00022b90       _socketGetMode             00423b90 f   sock.obj
 0001:00022bf0       _socketSetMode             00423bf0 f   sock.obj
 0001:00022c50       _socketGetPort             00423c50 f   sock.obj
 0001:00022cb0       _socketOpen                00423cb0 f   sockGen.obj
 0001:00022d80       _socketClose               00423d80 f   sockGen.obj
 0001:00022e30       _socketOpenConnection      00423e30 f   sockGen.obj
 0001:000232f0       _socketCloseConnection     004242f0 f   sockGen.obj
 0001:00023350       _socketGetInput            00424350 f   sockGen.obj
 0001:00023490       _socketRegisterInterest    00424490 f   sockGen.obj
 0001:000234d0       _socketWaitForEvent        004244d0 f   sockGen.obj
 0001:000235e0       _socketReady               004245e0 f   sockGen.obj
 0001:00023730       _socketSelect              00424730 f   sockGen.obj
 0001:00023b50       _socketProcess             00424b50 f   sockGen.obj
 0001:00023ff0       _socketSetBlock            00424ff0 f   sockGen.obj
 0001:00024110       _socketDontBlock           00425110 f   sockGen.obj
 0001:000241c0       _socketSockBuffered        004251c0 f   sockGen.obj
 0001:00024260       _symSubOpen                00425260 f   sym.obj
 0001:000242c0       _symSubClose               004252c0 f   sym.obj
 0001:00024310       _symOpen                   00425310 f   sym.obj
 0001:00024440       _symClose                  00425440 f   sym.obj
 0001:00024560       _symFirst                  00425560 f   sym.obj
 0001:00024640       _symNext                   00425640 f   sym.obj
 0001:00024730       _symLookup                 00425730 f   sym.obj
 0001:00024810       _symEnter                  00425810 f   sym.obj
 0001:00024ad0       _symDelete                 00425ad0 f   sym.obj
 0001:00024e00       _error                     00425e00 f   uemf.obj
 0001:00024f60       _errorSetHandler           00425f60 f   uemf.obj
 0001:00024fa0       _trace                     00425fa0 f   uemf.obj
 0001:00025040       _traceRaw                  00426040 f   uemf.obj
 0001:000250a0       _traceSetHandler           004260a0 f   uemf.obj
 0001:000250f0       _emfInstSet                004260f0 f   uemf.obj
 0001:00025120       _emfInstGet                00426120 f   uemf.obj
 0001:00025150       _strlower                  00426150 f   uemf.obj
 0001:00025230       _strupper                  00426230 f   uemf.obj
 0001:00025310       _stritoa                   00426310 f   uemf.obj
 0001:000254b0       _basicGetProduct           004264b0 f   uemf.obj
 0001:000254e0       _basicGetAddress           004264e0 f   uemf.obj
 0001:00025510       _errorOpen                 00426510 f   uemf.obj
 0001:00025540       _errorClose                00426540 f   uemf.obj
 0001:00025570       _umOpen                    00426570 f   um.obj
 0001:00025650       _umClose                   00426650 f   um.obj
 0001:00025700       _umCommit                  00426700 f   um.obj
 0001:000257c0       _umRestore                 004267c0 f   um.obj
 0001:00025890       _umAddUser                 00426890 f   um.obj
 0001:00025bc0       _umDeleteUser              00426bc0 f   um.obj
 0001:00025c90       _umGetFirstUser            00426c90 f   um.obj
 0001:00025d90       _umGetNextUser             00426d90 f   um.obj
 0001:00025f40       _umUserExists              00426f40 f   um.obj
 0001:00025fb0       _umGetUserPassword         00426fb0 f   um.obj
 0001:00026080       _umSetUserPassword         00427080 f   um.obj
 0001:00026170       _umGetUserGroup            00427170 f   um.obj
 0001:00026210       _umSetUserGroup            00427210 f   um.obj
 0001:000262b0       _umGetUserEnabled          004272b0 f   um.obj
 0001:00026360       _umSetUserEnabled          00427360 f   um.obj
 0001:00026400       _umGetUserProtected        00427400 f   um.obj
 0001:000264a0       _umSetUserProtected        004274a0 f   um.obj
 0001:00026540       _umAddGroup                00427540 f   um.obj
 0001:000266e0       _umDeleteGroup             004276e0 f   um.obj
 0001:000267d0       _umGroupExists             004277d0 f   um.obj
 0001:00026840       _umGetGroupInUse           00427840 f   um.obj
 0001:000268e0       _umGetFirstGroup           004278e0 f   um.obj
 0001:00026930       _umGetNextGroup            00427930 f   um.obj
 0001:00026980       _umGetGroupAccessMethod    00427980 f   um.obj
 0001:00026a20       _umSetGroupAccessMethod    00427a20 f   um.obj
 0001:00026ac0       _umGetGroupPrivilege       00427ac0 f   um.obj
 0001:00026b60       _umSetGroupPrivilege       00427b60 f   um.obj
 0001:00026c00       _umGetGroupEnabled         00427c00 f   um.obj
 0001:00026cb0       _umSetGroupEnabled         00427cb0 f   um.obj
 0001:00026d50       _umGetGroupProtected       00427d50 f   um.obj
 0001:00026df0       _umSetGroupProtected       00427df0 f   um.obj
 0001:00026e90       _umAddAccessLimit          00427e90 f   um.obj
 0001:00026ff0       _umDeleteAccessLimit       00427ff0 f   um.obj
 0001:000270a0       _umGetFirstAccessLimit     004280a0 f   um.obj
 0001:000270f0       _umGetNextAccessLimit      004280f0 f   um.obj
 0001:00027140       _umAccessLimitExists       00428140 f   um.obj
 0001:000271b0       _umGetAccessLimitMethod    004281b0 f   um.obj
 0001:00027250       _umSetAccessLimitMethod    00428250 f   um.obj
 0001:000272f0       _umGetAccessLimitSecure    004282f0 f   um.obj
 0001:00027390       _umSetAccessLimitSecure    00428390 f   um.obj
 0001:00027430       _umGetAccessLimitGroup     00428430 f   um.obj
 0001:000274d0       _umSetAccessLimitGroup     004284d0 f   um.obj
 0001:00027570       _umGetAccessLimit          00428570 f   um.obj
 0001:000276d0       _umGetAccessMethodForURL   004286d0 f   um.obj
 0001:00027790       _umUserCanAccessURL        00428790 f   um.obj
 0001:000279e0       _websUrlType               004289e0 f   url.obj
 0001:00027b10       _websUrlParse              00428b10 f   url.obj
 0001:00027f10       _valueInteger              00428f10 f   value.obj
 0001:00027fa0       _valueString               00428fa0 f   value.obj
 0001:00028070       _valueFree                 00429070 f   value.obj
 0001:00028130       _websOpenServer            00429130 f   webs.obj
 0001:00028260       _websCloseServer           00429260 f   webs.obj
 0001:00028350       _websOpenListen            00429350 f   webs.obj
 0001:00028530       _websCloseListen           00429530 f   webs.obj
 0001:000285d0       _websAccept                004295d0 f   webs.obj
 0001:00028830       _websReadEvent             00429830 f   webs.obj
 0001:0002a3d0       _websSetEnv                0042b3d0 f   webs.obj
 0001:0002a740       _websSetVar                0042b740 f   webs.obj
 0001:0002a830       _websTestVar               0042b830 f   webs.obj
 0001:0002a8b0       _websGetVar                0042b8b0 f   webs.obj
 0001:0002a930       _websCompareVar            0042b930 f   webs.obj
 0001:0002a9a0       _websTimeoutCancel         0042b9a0 f   webs.obj
 0001:0002aa00       _websResponse              0042ba00 f   webs.obj
 0001:0002ad00       _websRedirect              0042bd00 f   webs.obj
 0001:0002ae40       _websError                 0042be40 f   webs.obj
 0001:0002b2b0       _websErrorMsg              0042c2b0 f   webs.obj
 0001:0002b320       _websWrite                 0042c320 f   webs.obj
 0001:0002b400       _websWriteBlock            0042c400 f   webs.obj
 0001:0002b500       _websWriteDataNonBlock     0042c500 f   webs.obj
 0001:0002b580       _websDecodeUrl             0042c580 f   webs.obj
 0001:0002b7b0       _websTimeout               0042c7b0 f   webs.obj
 0001:0002b880       _websDone                  0042c880 f   webs.obj
 0001:0002ba40       _websAlloc                 0042ca40 f   webs.obj
 0001:0002bc20       _websFree                  0042cc20 f   webs.obj
 0001:0002c010       _websGetHost               0042d010 f   webs.obj
 0001:0002c040       _websGetIpaddrUrl          0042d040 f   webs.obj
 0001:0002c070       _websGetHostUrl            0042d070 f   webs.obj
 0001:0002c0a0       _websGetPort               0042d0a0 f   webs.obj
 0001:0002c0d0       _websGetRequestBytes       0042d0d0 f   webs.obj
 0001:0002c110       _websGetRequestDir         0042d110 f   webs.obj
 0001:0002c160       _websGetRequestFlags       0042d160 f   webs.obj
 0001:0002c1a0       _websGetRequestIpaddr      0042d1a0 f   webs.obj
 0001:0002c1d0       _websGetRequestLpath       0042d1d0 f   webs.obj
 0001:0002c210       _websGetRequestPath        0042d210 f   webs.obj
 0001:0002c260       _websGetRequestPassword    0042d260 f   webs.obj
 0001:0002c2a0       _websGetRequestType        0042d2a0 f   webs.obj
 0001:0002c2d0       _websGetRequestUserName    0042d2d0 f   webs.obj
 0001:0002c310       _websGetRequestWritten     0042d310 f   webs.obj
 0001:0002c350       _websSetHost               0042d350 f   webs.obj
 0001:0002c3a0       _websSetHostUrl            0042d3a0 f   webs.obj
 0001:0002c400       _websSetIpaddr             0042d400 f   webs.obj
 0001:0002c450       _websSetRequestBytes       0042d450 f   webs.obj
 0001:0002c490       _websSetRequestFlags       0042d490 f   webs.obj
 0001:0002c4d0       _websSetRequestLpath       0042d4d0 f   webs.obj
 0001:0002c570       _websSetRequestPath        0042d570 f   webs.obj
 0001:0002c660       _websSetRequestSocketHandler 0042d660 f   webs.obj
 0001:0002c6d0       _websSetRequestWritten     0042d6d0 f   webs.obj
 0001:0002c710       _websValid                 0042d710 f   webs.obj
 0001:0002c780       _websGetDateString         0042d780 f   webs.obj
 0001:0002c830       _websSetTimeMark           0042d830 f   webs.obj
 0001:0002c8d0       _websSetRealm              0042d8d0 f   webs.obj
 0001:0002c920       _websGetRealm              0042d920 f   webs.obj
 0001:0002c950       _websMD5binary             0042d950 f   websda.obj
 0001:0002caa0       _websMD5                   0042daa0 f   websda.obj
 0001:0002cb90       _websCalcNonce             0042db90 f   websda.obj
 0001:0002cc60       _websCalcOpaque            0042dc60 f   websda.obj
 0001:0002ccb0       _websCalcDigest            0042dcb0 f   websda.obj
 0001:0002cec0       _scriptEval                0042dec0 f   websuemf.obj
 0001:0002cf30       _strcmpci                  0042df30 f   websuemf.obj
 0001:0002cff0       _TimerProc                 0042dff0 f   websuemf.obj
 0001:0002d060       _websSchedCallBack         0042e060 f   websuemf.obj
 0001:0002d130       _websReschedCallBack       0042e130 f   websuemf.obj
 0001:0002d1d0       _websUnschedCallBack       0042e1d0 f   websuemf.obj
 0001:0002d270       _emfSchedProcess           0042e270 f   websuemf.obj
 0001:0002d370       _CycGet                    0042e370 f   UserFunc.obj
 0001:0002d3d0       _CycSet                    0042e3d0 f   UserFunc.obj
 0001:0002d620       _Bar                       0042e620 f   UserFunc.obj
 0001:0002d730       _dmfUserPreClose           0042e730 f   UserFunc.obj
 0001:0002d8e0       _dmfUserPostClose          0042e8e0 f   UserFunc.obj
 0001:0002da60       _SystemInfoCommit          0042ea60 f   UserFunc.obj
 0001:0002dd3c       _inet_ntoa@4               0042ed3c f   wsock32:WSOCK32.dll
 0001:0002dd42       _gethostbyname@4           0042ed42 f   wsock32:WSOCK32.dll
 0001:0002dd48       _gethostname@8             0042ed48 f   wsock32:WSOCK32.dll
 0001:0002dd4e       _send@16                   0042ed4e f   wsock32:WSOCK32.dll
 0001:0002dd54       _inet_addr@4               0042ed54 f   wsock32:WSOCK32.dll
 0001:0002dd5a       _sendto@24                 0042ed5a f   wsock32:WSOCK32.dll
 0001:0002dd60       _htons@4                   0042ed60 f   wsock32:WSOCK32.dll
 0001:0002dd66       _closesocket@4             0042ed66 f   wsock32:WSOCK32.dll
 0001:0002dd6c       _recv@16                   0042ed6c f   wsock32:WSOCK32.dll
 0001:0002dd72       _shutdown@8                0042ed72 f   wsock32:WSOCK32.dll
 0001:0002dd78       _WSAGetLastError@0         0042ed78 f   wsock32:WSOCK32.dll
 0001:0002dd7e       _WSACleanup@0              0042ed7e f   wsock32:WSOCK32.dll
 0001:0002dd84       _WSAStartup@8              0042ed84 f   wsock32:WSOCK32.dll
 0001:0002dd8a       _listen@8                  0042ed8a f   wsock32:WSOCK32.dll
 0001:0002dd90       _bind@12                   0042ed90 f   wsock32:WSOCK32.dll
 0001:0002dd96       _connect@12                0042ed96 f   wsock32:WSOCK32.dll
 0001:0002dd9c       _setsockopt@20             0042ed9c f   wsock32:WSOCK32.dll
 0001:0002dda2       _socket@12                 0042eda2 f   wsock32:WSOCK32.dll
 0001:0002dda8       _recvfrom@24               0042eda8 f   wsock32:WSOCK32.dll
 0001:0002ddae       ___WSAFDIsSet@8            0042edae f   wsock32:WSOCK32.dll
 0001:0002ddb4       _select@20                 0042edb4 f   wsock32:WSOCK32.dll
 0001:0002ddba       _ntohs@4                   0042edba f   wsock32:WSOCK32.dll
 0001:0002ddc0       _accept@12                 0042edc0 f   wsock32:WSOCK32.dll
 0001:0002ddc6       _ioctlsocket@12            0042edc6 f   wsock32:WSOCK32.dll
 0001:0002ddd0       _asParser                  0042edd0 f   expat:xmlparse.obj
 0001:0002de00       _XML_ParserCreate          0042ee00 f   expat:xmlparse.obj
 0001:0002e200       _XML_ParserCreateNS        0042f200 f   expat:xmlparse.obj
 0001:0002e2b0       _XML_SetEncoding           0042f2b0 f   expat:xmlparse.obj
 0001:0002e330       _XML_ExternalEntityParserCreate 0042f330 f   expat:xmlparse.obj
 0001:0002e5b0       _XML_ParserFree            0042f5b0 f   expat:xmlparse.obj
 0001:0002e7b0       _XML_UseParserAsHandlerArg 0042f7b0 f   expat:xmlparse.obj
 0001:0002e7e0       _XML_SetUserData           0042f7e0 f   expat:xmlparse.obj
 0001:0002e830       _XML_SetBase               0042f830 f   expat:xmlparse.obj
 0001:0002e8b0       _XML_GetBase               0042f8b0 f   expat:xmlparse.obj
 0001:0002e8e0       _XML_GetSpecifiedAttributeCount 0042f8e0 f   expat:xmlparse.obj
 0001:0002e910       _XML_GetIdAttributeIndex   0042f910 f   expat:xmlparse.obj
 0001:0002e940       _XML_SetElementHandler     0042f940 f   expat:xmlparse.obj
 0001:0002e980       _XML_SetCharacterDataHandler 0042f980 f   expat:xmlparse.obj
 0001:0002e9b0       _XML_SetProcessingInstructionHandler 0042f9b0 f   expat:xmlparse.obj
 0001:0002e9e0       _XML_SetCommentHandler     0042f9e0 f   expat:xmlparse.obj
 0001:0002ea10       _XML_SetCdataSectionHandler 0042fa10 f   expat:xmlparse.obj
 0001:0002ea50       _XML_SetDefaultHandler     0042fa50 f   expat:xmlparse.obj
 0001:0002ea90       _XML_SetDefaultHandlerExpand 0042fa90 f   expat:xmlparse.obj
 0001:0002ead0       _XML_SetDoctypeDeclHandler 0042fad0 f   expat:xmlparse.obj
 0001:0002eb10       _XML_SetUnparsedEntityDeclHandler 0042fb10 f   expat:xmlparse.obj
 0001:0002eb40       _XML_SetExternalParsedEntityDeclHandler 0042fb40 f   expat:xmlparse.obj
 0001:0002eb70       _XML_SetInternalParsedEntityDeclHandler 0042fb70 f   expat:xmlparse.obj
 0001:0002eba0       _XML_SetNotationDeclHandler 0042fba0 f   expat:xmlparse.obj
 0001:0002ebd0       _XML_SetNamespaceDeclHandler 0042fbd0 f   expat:xmlparse.obj
 0001:0002ec10       _XML_SetNotStandaloneHandler 0042fc10 f   expat:xmlparse.obj
 0001:0002ec40       _XML_SetExternalEntityRefHandler 0042fc40 f   expat:xmlparse.obj
 0001:0002ec70       _XML_SetExternalEntityRefHandlerArg 0042fc70 f   expat:xmlparse.obj
 0001:0002ecb0       _XML_SetUnknownEncodingHandler 0042fcb0 f   expat:xmlparse.obj
 0001:0002ecf0       _XML_SetParamEntityParsing 0042fcf0 f   expat:xmlparse.obj
 0001:0002ed20       _XML_Parse                 0042fd20 f   expat:xmlparse.obj
 0001:0002f070       _XML_ParseBuffer           00430070 f   expat:xmlparse.obj
 0001:0002f1a0       _XML_GetBuffer             004301a0 f   expat:xmlparse.obj
 0001:0002f320       _XML_GetErrorCode          00430320 f   expat:xmlparse.obj
 0001:0002f350       _XML_GetCurrentByteIndex   00430350 f   expat:xmlparse.obj
 0001:0002f3a0       _XML_GetCurrentByteCount   004303a0 f   expat:xmlparse.obj
 0001:0002f3f0       _XML_GetCurrentLineNumber  004303f0 f   expat:xmlparse.obj
 0001:0002f480       _XML_GetCurrentColumnNumber 00430480 f   expat:xmlparse.obj
 0001:0002f510       _XML_DefaultCurrent        00430510 f   expat:xmlparse.obj
 0001:0002f5b0       _XML_ErrorString           004305b0 f   expat:xmlparse.obj
 0001:00046eb0       _XmlUtf8Encode             00447eb0 f   expat:xmltok.obj
 0001:00046fc0       _XmlUtf16Encode            00447fc0 f   expat:xmltok.obj
 0001:00047050       _XmlSizeOfUnknownEncoding  00448050 f   expat:xmltok.obj
 0001:00047080       _XmlInitUnknownEncoding    00448080 f   expat:xmltok.obj
 0001:00047830       _XmlGetUtf8InternalEncoding 00448830 f   expat:xmltok.obj
 0001:00047860       _XmlGetUtf16InternalEncoding 00448860 f   expat:xmltok.obj
 0001:00047890       _XmlInitEncoding           00448890 f   expat:xmltok.obj
 0001:00047e70       _XmlParseXmlDecl           00448e70 f   expat:xmltok.obj
 0001:00048660       _XmlPrologStateInit        00449660 f   expat:xmlrole.obj
 0001:0004a3ec       _LocalFree@4               0044b3ec f   kernel32:KERNEL32.dll
 0001:0004a3f2       _LocalHandle@4             0044b3f2 f   kernel32:KERNEL32.dll
 0001:0004a3f8       _LocalAlloc@8              0044b3f8 f   kernel32:KERNEL32.dll
 0001:0004a3fe       _MultiByteToWideChar@24    0044b3fe f   kernel32:KERNEL32.dll
 0001:0004a404       _GetACP@0                  0044b404 f   kernel32:KERNEL32.dll
 0001:0004a40a       _lstrlenA@4                0044b40a f   kernel32:KERNEL32.dll
 0001:0004a410       _CloseHandle@4             0044b410 f   kernel32:KERNEL32.dll
 0001:0004a416       _CreateProcessA@40         0044b416 f   kernel32:KERNEL32.dll
 0001:0004a41c       _SetFilePointer@16         0044b41c f   kernel32:KERNEL32.dll
 0001:0004a422       _CreateFileA@28            0044b422 f   kernel32:KERNEL32.dll
 0001:0004a428       _GetExitCodeProcess@8      0044b428 f   kernel32:KERNEL32.dll
 0001:0004a42e       _Sleep@4                   0044b42e f   kernel32:KERNEL32.dll
 0001:0004a434       _GetVersionExA@4           0044b434 f   kernel32:KERNEL32.dll
 0001:0004a43a       _UpdateWindow@4            0044b43a f   user32:USER32.dll
 0001:0004a440       _ShowWindow@8              0044b440 f   user32:USER32.dll
 0001:0004a446       _AppendMenuA@16            0044b446 f   user32:USER32.dll
 0001:0004a44c       _GetSystemMenu@8           0044b44c f   user32:USER32.dll
 0001:0004a452       _CreateWindowExA@48        0044b452 f   user32:USER32.dll
 0001:0004a458       _RegisterClassA@4          0044b458 f   user32:USER32.dll
 0001:0004a45e       _LoadCursorA@8             0044b45e f   user32:USER32.dll
 0001:0004a464       _DestroyWindow@4           0044b464 f   user32:USER32.dll
 0001:0004a46a       _UnregisterClassA@8        0044b46a f   user32:USER32.dll
 0001:0004a470       _DefWindowProcA@16         0044b470 f   user32:USER32.dll
 0001:0004a476       _PostQuitMessage@4         0044b476 f   user32:USER32.dll
 0001:0004a47c       _DispatchMessageA@4        0044b47c f   user32:USER32.dll
 0001:0004a482       _TranslateMessage@4        0044b482 f   user32:USER32.dll
 0001:0004a488       _GetMessageA@16            0044b488 f   user32:USER32.dll
 0001:0004a48e       _PeekMessageA@20           0044b48e f   user32:USER32.dll
 0001:0004a494       _CreateDialogIndirectParamA@20 0044b494 f   user32:USER32.dll
 0001:0004a49a       _SetWindowTextA@8          0044b49a f   user32:USER32.dll
 0001:0004a4a0       _GetDlgItem@8              0044b4a0 f   user32:USER32.dll
 0001:0004a4a6       _PostMessageA@16           0044b4a6 f   user32:USER32.dll
 0001:0004a4ac       _EndDialog@8               0044b4ac f   user32:USER32.dll
 0001:0004a4b2       _SetWindowPos@28           0044b4b2 f   user32:USER32.dll
 0001:0004a4b8       _GetSystemMetrics@4        0044b4b8 f   user32:USER32.dll
 0001:0004a4be       _GetWindowRect@8           0044b4be f   user32:USER32.dll
 0001:0004a4d0       _strcpy                    0044b4d0 f   LIBCD:strcat.obj
 0001:0004a4e0       _strcat                    0044b4e0 f   LIBCD:strcat.obj
 0001:0004a5c0       _strrchr                   0044b5c0 f   LIBCD:strrchr.obj
 0001:0004a5f0       _strlen                    0044b5f0 f   LIBCD:strlen.obj
 0001:0004a670       __chkesp                   0044b670 f   LIBCD:chkesp.obj
 0001:0004a6b0       _strcmp                    0044b6b0 f   LIBCD:strcmp.obj
 0001:0004a740       _atol                      0044b740 f   LIBCD:atox.obj
 0001:0004a840       _atoi                      0044b840 f   LIBCD:atox.obj
 0001:0004a860       __atoi64                   0044b860 f   LIBCD:atox.obj
 0001:0004a990       __isctype                  0044b990 f   LIBCD:isctype.obj
 0001:0004aa50       _fclose                    0044ba50 f   LIBCD:fclose.obj
 0001:0004ab30       _fprintf                   0044bb30 f   LIBCD:fprintf.obj
 0001:0004abe0       __fsopen                   0044bbe0 f   LIBCD:fopen.obj
 0001:0004acd0       _fopen                     0044bcd0 f   LIBCD:fopen.obj
 0001:0004ad00       _strchr                    0044bd00 f   LIBCD:strchr.obj
 0001:0004ad06       ___from_strstr_to_strchr   0044bd06 f   LIBCD:strchr.obj
 0001:0004adc0       _fgets                     0044bdc0 f   LIBCD:fgets.obj
 0001:0004aef0       _sprintf                   0044bef0 f   LIBCD:sprintf.obj
 0001:0004aff0       _mktime                    0044bff0 f   LIBCD:mktime.obj
 0001:0004b010       __mkgmtime                 0044c010 f   LIBCD:mktime.obj
 0001:0004b340       _gmtime                    0044c340 f   LIBCD:gmtime.obj
 0001:0004b510       _time                      0044c510 f   LIBCD:time.obj
 0001:0004b6a0       __Getdays                  0044c6a0 f   LIBCD:strftime.obj
 0001:0004b7d0       __Getmonths                0044c7d0 f   LIBCD:strftime.obj
 0001:0004b900       __Gettnames                0044c900 f   LIBCD:strftime.obj
 0001:0004bc70       _strftime                  0044cc70 f   LIBCD:strftime.obj
 0001:0004bc90       __Strftime                 0044cc90 f   LIBCD:strftime.obj
 0001:0004cac0       _localtime                 0044dac0 f   LIBCD:localtim.obj
 0001:0004cd20       __fpmath                   0044dd20 f   LIBCD:fpinit.obj
 0001:0004cd50       __fpclear                  0044dd50 f   LIBCD:fpinit.obj
 0001:0004cd60       __cfltcvt_init             0044dd60 f   LIBCD:fpinit.obj
 0001:0004cdb0       ___setfflag                0044ddb0 f   LIBCD:fpinit.obj
 0001:0004cdd0       _memcpy                    0044ddd0 f   LIBCD:memcpy.obj
 0001:0004d110       _malloc                    0044e110 f   LIBCD:dbgheap.obj
 0001:0004d130       __malloc_dbg               0044e130 f   LIBCD:dbgheap.obj
 0001:0004d160       __nh_malloc                0044e160 f   LIBCD:dbgheap.obj
 0001:0004d180       __nh_malloc_dbg            0044e180 f   LIBCD:dbgheap.obj
 0001:0004d1d0       __heap_alloc               0044e1d0 f   LIBCD:dbgheap.obj
 0001:0004d1f0       __heap_alloc_dbg           0044e1f0 f   LIBCD:dbgheap.obj
 0001:0004d510       _calloc                    0044e510 f   LIBCD:dbgheap.obj
 0001:0004d530       __calloc_dbg               0044e530 f   LIBCD:dbgheap.obj
 0001:0004d590       _realloc                   0044e590 f   LIBCD:dbgheap.obj
 0001:0004d5b0       __realloc_dbg              0044e5b0 f   LIBCD:dbgheap.obj
 0001:0004db00       __expand                   0044eb00 f   LIBCD:dbgheap.obj
 0001:0004db20       __expand_dbg               0044eb20 f   LIBCD:dbgheap.obj
 0001:0004db50       _free                      0044eb50 f   LIBCD:dbgheap.obj
 0001:0004db70       __free_dbg                 0044eb70 f   LIBCD:dbgheap.obj
 0001:0004df60       __msize                    0044ef60 f   LIBCD:dbgheap.obj
 0001:0004df80       __msize_dbg                0044ef80 f   LIBCD:dbgheap.obj
 0001:0004e0d0       __CrtSetBreakAlloc         0044f0d0 f   LIBCD:dbgheap.obj
 0001:0004e0f0       __CrtSetDbgBlockType       0044f0f0 f   LIBCD:dbgheap.obj
 0001:0004e180       __CrtSetAllocHook          0044f180 f   LIBCD:dbgheap.obj
 0001:0004e230       __CrtCheckMemory           0044f230 f   LIBCD:dbgheap.obj
 0001:0004e590       __CrtSetDbgFlag            0044f590 f   LIBCD:dbgheap.obj
 0001:0004e5c0       __CrtDoForAllClientObjects 0044f5c0 f   LIBCD:dbgheap.obj
 0001:0004e620       __CrtIsValidPointer        0044f620 f   LIBCD:dbgheap.obj
 0001:0004e670       __CrtIsValidHeapPointer    0044f670 f   LIBCD:dbgheap.obj
 0001:0004e700       __CrtIsMemoryBlock         0044f700 f   LIBCD:dbgheap.obj
 0001:0004e7d0       __CrtSetDumpClient         0044f7d0 f   LIBCD:dbgheap.obj
 0001:0004e7f0       __CrtMemCheckpoint         0044f7f0 f   LIBCD:dbgheap.obj
 0001:0004e950       __CrtMemDifference         0044f950 f   LIBCD:dbgheap.obj
 0001:0004ea80       __CrtMemDumpAllObjectsSince 0044fa80 f   LIBCD:dbgheap.obj
 0001:0004ee50       __CrtDumpMemoryLeaks       0044fe50 f   LIBCD:dbgheap.obj
 0001:0004eed0       __CrtMemDumpStatistics     0044fed0 f   LIBCD:dbgheap.obj
 0001:0004efa0       _memset                    0044ffa0 f   LIBCD:memset.obj
 0001:0004f000       _atof                      00450000 f   LIBCD:atof.obj
 0001:0004f080       _strncpy                   00450080 f   LIBCD:strncpy.obj
 0001:0004f180       _strstr                    00450180 f   LIBCD:strstr.obj
 0001:0004f200       __tolower                  00450200 f   LIBCD:tolower.obj
 0001:0004f210       _tolower                   00450210 f   LIBCD:tolower.obj
 0001:0004f340       _strtok                    00450340 f   LIBCD:strtok.obj
 0001:0004f480       _rename                    00450480 f   LIBCD:rename.obj
 0001:0004f4d0       _qsort                     004504d0 f   LIBCD:qsort.obj
 0001:0004f7d0       _strncmp                   004507d0 f   LIBCD:strncmp.obj
 0001:0004f810       __cinit                    00450810 f   LIBCD:crt0dat.obj
 0001:0004f850       _exit                      00450850 f   LIBCD:crt0dat.obj
 0001:0004f870       __exit                     00450870 f   LIBCD:crt0dat.obj
 0001:0004f890       __cexit                    00450890 f   LIBCD:crt0dat.obj
 0001:0004f8b0       __c_exit                   004508b0 f   LIBCD:crt0dat.obj
 0001:0004f9e0       __toupper                  004509e0 f   LIBCD:toupper.obj
 0001:0004f9f0       _toupper                   004509f0 f   LIBCD:toupper.obj
 0001:0004fb20       _ctime                     00450b20 f   LIBCD:ctime.obj
 0001:0004fb50       _asctime                   00450b50 f   LIBCD:asctime.obj
 0001:0004fd10       _srand                     00450d10 f   LIBCD:rand.obj
 0001:0004fd20       _rand                      00450d20 f   LIBCD:rand.obj
 0001:0004fd48       __ftol                     00450d48 f   LIBCD:ftol.obj
 0001:0004fd70       _WinMainCRTStartup         00450d70 f   LIBCD:wincrt0.obj
 0001:0004fed0       __amsg_exit                00450ed0 f   LIBCD:wincrt0.obj
 0001:0004ff30       _memmove                   00450f30 f   LIBCD:memmove.obj
 0001:00050270       _memcmp                    00451270 f   LIBCD:memcmp.obj
 0001:00050320       _abort                     00451320 f   LIBCD:abort.obj
 0001:00050340       __CrtDbgBreak              00451340 f   LIBCD:dbgrpt.obj
 0001:00050350       __CrtSetReportMode         00451350 f   LIBCD:dbgrpt.obj
 0001:000503b0       __CrtSetReportFile         004513b0 f   LIBCD:dbgrpt.obj
 0001:00050430       __CrtSetReportHook         00451430 f   LIBCD:dbgrpt.obj
 0001:00050450       __CrtDbgReport             00451450 f   LIBCD:dbgrpt.obj
 0001:00050af0       __allmul                   00451af0 f   LIBCD:llmul.obj
 0001:00050b30       ___crtGetStringTypeA       00451b30 f   LIBCD:a_str.obj
 0001:00050cf0       _close                     00451cf0 f   LIBCD:close.obj
 0001:00050cf0       __close                    00451cf0 f   LIBCD:close.obj
 0001:00050de0       __freebuf                  00451de0 f   LIBCD:_freebuf.obj
 0001:00050e80       _fflush                    00451e80 f   LIBCD:fflush.obj
 0001:00050ee0       __flush                    00451ee0 f   LIBCD:fflush.obj
 0001:00050fa0       __flushall                 00451fa0 f   LIBCD:fflush.obj
 0001:00051090       __stbuf                    00452090 f   LIBCD:_sftbuf.obj
 0001:000511f0       __ftbuf                    004521f0 f   LIBCD:_sftbuf.obj
 0001:000512b0       __output                   004522b0 f   LIBCD:output.obj
 0001:00052150       __openfile                 00453150 f   LIBCD:_open.obj
 0001:000524e0       __getstream                004534e0 f   LIBCD:stream.obj
 0001:000525d0       __filbuf                   004535d0 f   LIBCD:_filbuf.obj
 0001:000527b0       __flsbuf                   004537b0 f   LIBCD:_flsbuf.obj
 0001:00052a30       ___tzset                   00453a30 f   LIBCD:tzset.obj
 0001:00052a60       __tzset                    00453a60 f   LIBCD:tzset.obj
 0001:00052de0       __isindst                  00453de0 f   LIBCD:tzset.obj
 0001:000532e0       ___loctotime_t             004542e0 f   LIBCD:dtoxtime.obj
 0001:000533d0       __strcmpi                  004543d0 f   LIBCD:stricmp.obj
 0001:000533d0       __stricmp                  004543d0 f   LIBCD:stricmp.obj
 0001:00053460       __setdefaultprecision      00454460 f   LIBCD:fp8.obj
 0001:00053480       __ms_p5_test_fdiv          00454480 f   LIBCD:testfdiv.obj
 0001:000534e0       __ms_p5_mp_test_fdiv       004544e0 f   LIBCD:testfdiv.obj
 0001:00053530       __forcdecpt                00454530 f   LIBCD:cvt.obj
 0001:000535e0       __cropzeros                004545e0 f   LIBCD:cvt.obj
 0001:000536c0       __positive                 004546c0 f   LIBCD:cvt.obj
 0001:000536f0       __fassign                  004546f0 f   LIBCD:cvt.obj
 0001:00053740       __cftoe                    00454740 f   LIBCD:cvt.obj
 0001:00053900       __cftof                    00454900 f   LIBCD:cvt.obj
 0001:00053a90       __cftog                    00454a90 f   LIBCD:cvt.obj
 0001:00053c00       __cfltcvt                  00454c00 f   LIBCD:cvt.obj
 0001:00053c90       ?_set_new_handler@@YAP6AHI@ZP6AHI@Z@Z 00454c90 f   LIBCD:handler.obj
 0001:00053cb0       ?_query_new_handler@@YAP6AHI@ZXZ 00454cb0 f   LIBCD:handler.obj
 0001:00053cc0       __callnewh                 00454cc0 f   LIBCD:handler.obj
 0001:00053cf0       __malloc_base              00454cf0 f   LIBCD:malloc.obj
 0001:00053d10       __nh_malloc_base           00454d10 f   LIBCD:malloc.obj
 0001:00053d70       __heap_alloc_base          00454d70 f   LIBCD:malloc.obj
 0001:00053dd0       __CrtDefaultAllocHook      00454dd0 f   LIBCD:dbghook.obj
 0001:00053de0       __expand_base              00454de0 f   LIBCD:expand.obj
 0001:00053e70       __realloc_base             00454e70 f   LIBCD:realloc.obj
 0001:00054040       __free_base                00455040 f   LIBCD:free.obj
 0001:00054090       __heapchk                  00455090 f   LIBCD:heapchk.obj
 0001:000540f0       __heapset                  004550f0 f   LIBCD:heapchk.obj
 0001:00054100       __heap_init                00455100 f   LIBCD:heapinit.obj
 0001:00054150       __heap_term                00455150 f   LIBCD:heapinit.obj
 0001:000541f0       __get_sbh_threshold        004551f0 f   LIBCD:sbheap.obj
 0001:00054200       __set_sbh_threshold        00455200 f   LIBCD:sbheap.obj
 0001:00054220       ___sbh_heap_init           00455220 f   LIBCD:sbheap.obj
 0001:00054280       ___sbh_find_block          00455280 f   LIBCD:sbheap.obj
 0001:000542e0       ___sbh_verify_block        004552e0 f   LIBCD:sbheap.obj
 0001:00054340       ___sbh_free_block          00455340 f   LIBCD:sbheap.obj
 0001:00054910       ___sbh_alloc_block         00455910 f   LIBCD:sbheap.obj
 0001:00054e50       ___sbh_alloc_new_region    00455e50 f   LIBCD:sbheap.obj
 0001:00054f60       ___sbh_alloc_new_group     00455f60 f   LIBCD:sbheap.obj
 0001:00055150       ___sbh_resize_block        00456150 f   LIBCD:sbheap.obj
 0001:00055740       ___sbh_heapmin             00456740 f   LIBCD:sbheap.obj
 0001:00055870       ___sbh_heap_check          00456870 f   LIBCD:sbheap.obj
 0001:00055e90       __fltin                    00456e90 f   LIBCD:cfin.obj
 0001:00055f60       ___crtLCMapStringA         00456f60 f   LIBCD:a_map.obj
 0001:000562c0       __dosmaperr                004572c0 f   LIBCD:dosmap.obj
 0001:00056350       __XcptFilter               00457350 f   LIBCD:winxfltr.obj
 0001:00056560       __wincmdln                 00457560 f   LIBCD:wincmdln.obj
 0001:00056620       __setenvp                  00457620 f   LIBCD:stdenvp.obj
 0001:00056770       __setargv                  00457770 f   LIBCD:stdargv.obj
 0001:00056c80       ___crtGetEnvironmentStringsA 00457c80 f   LIBCD:a_env.obj
 0001:00056ea0       __ioinit                   00457ea0 f   LIBCD:ioinit.obj
 0001:000571b0       __ioterm                   004581b0 f   LIBCD:ioinit.obj
 0001:00057204       __global_unwind2           00458204 f   LIBCD:exsup.obj
 0001:00057246       __local_unwind2            00458246 f   LIBCD:exsup.obj
 0001:0005729e       __NLG_Return2              0045829e f   LIBCD:exsup.obj
 0001:000572ae       __abnormal_termination     004582ae f   LIBCD:exsup.obj
 0001:000572d1       __NLG_Notify1              004582d1 f   LIBCD:exsup.obj
 0001:000572da       __NLG_Notify               004582da f   LIBCD:exsup.obj
 0001:000572ed       __NLG_Dispatch             004582ed f   LIBCD:exsup.obj
 0001:000572fc       __except_handler3          004582fc f   LIBCD:exsup3.obj
 0001:000573b9       __seh_longjmp_unwind@4     004583b9 f   LIBCD:exsup3.obj
 0001:000573e0       __FF_MSGBANNER             004583e0 f   LIBCD:crt0msg.obj
 0001:00057430       __NMSG_WRITE               00458430 f   LIBCD:crt0msg.obj
 0001:000575f0       __GET_RTERRMSG             004585f0 f   LIBCD:crt0msg.obj
 0001:00057640       _signal                    00458640 f   LIBCD:winsig.obj
 0001:00057850       _raise                     00458850 f   LIBCD:winsig.obj
 0001:00057a70       __itoa                     00458a70 f   LIBCD:xtoa.obj
 0001:00057b90       __ltoa                     00458b90 f   LIBCD:xtoa.obj
 0001:00057bd0       __ultoa                    00458bd0 f   LIBCD:xtoa.obj
 0001:00057bf0       __i64toa                   00458bf0 f   LIBCD:xtoa.obj
 0001:00057d40       __ui64toa                  00458d40 f   LIBCD:xtoa.obj
 0001:00057d60       __snprintf                 00458d60 f   LIBCD:snprintf.obj
 0001:00057e60       __vsnprintf                00458e60 f   LIBCD:vsnprint.obj
 0001:00057f60       __chkstk                   00458f60 f   LIBCD:chkstk.obj
 0001:00057f60       __alloca_probe             00458f60 f   LIBCD:chkstk.obj
 0001:00057f90       ___crtMessageBoxA          00458f90 f   LIBCD:crtmbox.obj
 0001:00058050       __alloc_osfhnd             00459050 f   LIBCD:osfinfo.obj
 0001:00058180       __set_osfhnd               00459180 f   LIBCD:osfinfo.obj
 0001:00058230       __free_osfhnd              00459230 f   LIBCD:osfinfo.obj
 0001:00058300       __get_osfhandle            00459300 f   LIBCD:osfinfo.obj
 0001:00058360       __open_osfhandle           00459360 f   LIBCD:osfinfo.obj
 0001:00058450       __commit                   00459450 f   LIBCD:commit.obj
 0001:00058500       _write                     00459500 f   LIBCD:write.obj
 0001:00058500       __write                    00459500 f   LIBCD:write.obj
 0001:000587b0       ___initstdio               004597b0 f   LIBCD:_file.obj
 0001:000588e0       ___endstdio                004598e0 f   LIBCD:_file.obj
 0001:00058900       __isatty                   00459900 f   LIBCD:isatty.obj
 0001:00058930       _wctomb                    00459930 f   LIBCD:wctomb.obj
 0001:000589d0       __aulldiv                  004599d0 f   LIBCD:ulldiv.obj
 0001:00058a40       __aullrem                  00459a40 f   LIBCD:ullrem.obj
 0001:00058ac0       _open                      00459ac0 f   LIBCD:open.obj
 0001:00058ac0       __open                     00459ac0 f   LIBCD:open.obj
 0001:00058b00       __sopen                    00459b00 f   LIBCD:open.obj
 0001:00058ff0       _read                      00459ff0 f   LIBCD:read.obj
 0001:00058ff0       __read                     00459ff0 f   LIBCD:read.obj
 0001:00059450       __getbuf                   0045a450 f   LIBCD:_getbuf.obj
 0001:00059520       _lseek                     0045a520 f   LIBCD:lseek.obj
 0001:00059520       __lseek                    0045a520 f   LIBCD:lseek.obj
 0001:00059610       _getenv                    0045a610 f   LIBCD:getenv.obj
 0001:000596e0       __statusfp                 0045a6e0 f   LIBCD:ieee87.obj
 0001:00059700       __clearfp                  0045a700 f   LIBCD:ieee87.obj
 0001:00059720       __control87                0045a720 f   LIBCD:ieee87.obj
 0001:00059770       __controlfp                0045a770 f   LIBCD:ieee87.obj
 0001:00059790       __fpreset                  0045a790 f   LIBCD:ieee87.obj
 0001:00059b80       __ZeroTail                 0045ab80 f   LIBCD:intrncvt.obj
 0001:00059c10       __IncMan                   0045ac10 f   LIBCD:intrncvt.obj
 0001:00059cc0       __RoundMan                 0045acc0 f   LIBCD:intrncvt.obj
 0001:00059da0       __CopyMan                  0045ada0 f   LIBCD:intrncvt.obj
 0001:00059df0       __FillZeroMan              0045adf0 f   LIBCD:intrncvt.obj
 0001:00059e20       __IsZeroMan                0045ae20 f   LIBCD:intrncvt.obj
 0001:00059e60       __ShrMan                   0045ae60 f   LIBCD:intrncvt.obj
 0001:00059f50       __ld12cvt                  0045af50 f   LIBCD:intrncvt.obj
 0001:0005a1a0       __ld12tod                  0045b1a0 f   LIBCD:intrncvt.obj
 0001:0005a1c0       __ld12tof                  0045b1c0 f   LIBCD:intrncvt.obj
 0001:0005a1e0       __ld12told                 0045b1e0 f   LIBCD:intrncvt.obj
 0001:0005a2a0       __atodbl                   0045b2a0 f   LIBCD:intrncvt.obj
 0001:0005a2e0       __atoldbl                  0045b2e0 f   LIBCD:intrncvt.obj
 0001:0005a320       __atoflt                   0045b320 f   LIBCD:intrncvt.obj
 0001:0005a360       __fptostr                  0045b360 f   LIBCD:_fptostr.obj
 0001:0005a460       __fltout                   0045b460 f   LIBCD:cfout.obj
 0001:0005a4e0       ___dtold                   0045b4e0 f   LIBCD:cfout.obj
 0001:0005a650       __fptrap                   0045b650 f   LIBCD:crt0fp.obj
 0001:0005a660       ___strgtold12              0045b660 f   LIBCD:strgtold.obj
 0001:0005b190       ___STRINGTOLD              0045c190 f   LIBCD:strgtold.obj
 0001:0005b1e0       __ismbbkalnum              0045c1e0 f   LIBCD:ismbbyte.obj
 0001:0005b200       __ismbbkprint              0045c200 f   LIBCD:ismbbyte.obj
 0001:0005b220       __ismbbkpunct              0045c220 f   LIBCD:ismbbyte.obj
 0001:0005b240       __ismbbalnum               0045c240 f   LIBCD:ismbbyte.obj
 0001:0005b260       __ismbbalpha               0045c260 f   LIBCD:ismbbyte.obj
 0001:0005b280       __ismbbgraph               0045c280 f   LIBCD:ismbbyte.obj
 0001:0005b2a0       __ismbbprint               0045c2a0 f   LIBCD:ismbbyte.obj
 0001:0005b2c0       __ismbbpunct               0045c2c0 f   LIBCD:ismbbyte.obj
 0001:0005b2e0       __ismbblead                0045c2e0 f   LIBCD:ismbbyte.obj
 0001:0005b300       __ismbbtrail               0045c300 f   LIBCD:ismbbyte.obj
 0001:0005b320       __ismbbkana                0045c320 f   LIBCD:ismbbyte.obj
 0001:0005b3d0       __setmbcp                  0045c3d0 f   LIBCD:mbctype.obj
 0001:0005bb40       __getmbcp                  0045cb40 f   LIBCD:mbctype.obj
 0001:0005bb60       ___initmbctable            0045cb60 f   LIBCD:mbctype.obj
 0001:0005bb90       __fcloseall                0045cb90 f   LIBCD:closeall.obj
 0001:0005bc40       __chsize                   0045cc40 f   LIBCD:chsize.obj
 0001:0005beb0       __mbsnbicoll               0045ceb0 f   LIBCD:mbsnbico.obj
 0001:0005bf00       ___wtomb_environ           0045cf00 f   LIBCD:wtombenv.obj
 0001:0005bfb0       ___addl                    0045cfb0 f   LIBCD:mantold.obj
 0001:0005bff0       ___add_12                  0045cff0 f   LIBCD:mantold.obj
 0001:0005c0a0       ___shl_12                  0045d0a0 f   LIBCD:mantold.obj
 0001:0005c100       ___shr_12                  0045d100 f   LIBCD:mantold.obj
 0001:0005c170       ___mtold12                 0045d170 f   LIBCD:mantold.obj
 0001:0005c2b0       _$I10_OUTPUT               0045d2b0 f   LIBCD:x10fout.obj
 0001:0005c7d0       ___ld12mul                 0045d7d0 f   LIBCD:tenpow.obj
 0001:0005cc10       ___multtenpow12            0045dc10 f   LIBCD:tenpow.obj
 0001:0005cce0       __setmode                  0045dce0 f   LIBCD:setmode.obj
 0001:0005cde0       ___crtCompareStringA       0045dde0 f   LIBCD:a_cmp.obj
 0001:0005d230       ___crtsetenv               0045e230 f   LIBCD:setenv.obj
 0001:0005d680       __mbschr                   0045e680 f   LIBCD:mbschr.obj
 0001:0005d750       _GetTimeZoneInformation@4  0045e750 f   kernel32:KERNEL32.dll
 0001:0005d756       _GetSystemTime@4           0045e756 f   kernel32:KERNEL32.dll
 0001:0005d75c       _GetLocalTime@4            0045e75c f   kernel32:KERNEL32.dll
 0001:0005d762       _IsBadWritePtr@8           0045e762 f   kernel32:KERNEL32.dll
 0001:0005d768       _IsBadReadPtr@8            0045e768 f   kernel32:KERNEL32.dll
 0001:0005d76e       _HeapValidate@12           0045e76e f   kernel32:KERNEL32.dll
 0001:0005d774       _GetLastError@0            0045e774 f   kernel32:KERNEL32.dll
 0001:0005d77a       _MoveFileA@8               0045e77a f   kernel32:KERNEL32.dll
 0001:0005d780       _ExitProcess@4             0045e780 f   kernel32:KERNEL32.dll
 0001:0005d786       _TerminateProcess@8        0045e786 f   kernel32:KERNEL32.dll
 0001:0005d78c       _GetCurrentProcess@0       0045e78c f   kernel32:KERNEL32.dll
 0001:0005d792       _GetModuleHandleA@4        0045e792 f   kernel32:KERNEL32.dll
 0001:0005d798       _GetStartupInfoA@4         0045e798 f   kernel32:KERNEL32.dll
 0001:0005d79e       _GetCommandLineA@0         0045e79e f   kernel32:KERNEL32.dll
 0001:0005d7a4       _GetVersion@0              0045e7a4 f   kernel32:KERNEL32.dll
 0001:0005d7aa       _DebugBreak@0              0045e7aa f   kernel32:KERNEL32.dll
 0001:0005d7b0       _GetStdHandle@4            0045e7b0 f   kernel32:KERNEL32.dll
 0001:0005d7b6       _WriteFile@20              0045e7b6 f   kernel32:KERNEL32.dll
 0001:0005d7bc       _InterlockedDecrement@4    0045e7bc f   kernel32:KERNEL32.dll
 0001:0005d7c2       _OutputDebugStringA@4      0045e7c2 f   kernel32:KERNEL32.dll
 0001:0005d7c8       _GetProcAddress@8          0045e7c8 f   kernel32:KERNEL32.dll
 0001:0005d7ce       _LoadLibraryA@4            0045e7ce f   kernel32:KERNEL32.dll
 0001:0005d7d4       _InterlockedIncrement@4    0045e7d4 f   kernel32:KERNEL32.dll
 0001:0005d7da       _GetModuleFileNameA@12     0045e7da f   kernel32:KERNEL32.dll
 0001:0005d7e0       _GetStringTypeA@20         0045e7e0 f   kernel32:KERNEL32.dll
 0001:0005d7e6       _GetStringTypeW@16         0045e7e6 f   kernel32:KERNEL32.dll
 0001:0005d7ec       _WideCharToMultiByte@32    0045e7ec f   kernel32:KERNEL32.dll
 0001:0005d7f2       _HeapAlloc@12              0045e7f2 f   kernel32:KERNEL32.dll
 0001:0005d7f8       _HeapReAlloc@16            0045e7f8 f   kernel32:KERNEL32.dll
 0001:0005d7fe       _HeapFree@12               0045e7fe f   kernel32:KERNEL32.dll
 0001:0005d804       _HeapDestroy@4             0045e804 f   kernel32:KERNEL32.dll
 0001:0005d80a       _HeapCreate@12             0045e80a f   kernel32:KERNEL32.dll
 0001:0005d810       _VirtualFree@12            0045e810 f   kernel32:KERNEL32.dll
 0001:0005d816       _VirtualAlloc@16           0045e816 f   kernel32:KERNEL32.dll
 0001:0005d81c       _LCMapStringA@24           0045e81c f   kernel32:KERNEL32.dll
 0001:0005d822       _LCMapStringW@24           0045e822 f   kernel32:KERNEL32.dll
 0001:0005d828       _UnhandledExceptionFilter@4 0045e828 f   kernel32:KERNEL32.dll
 0001:0005d82e       _FreeEnvironmentStringsA@4 0045e82e f   kernel32:KERNEL32.dll
 0001:0005d834       _FreeEnvironmentStringsW@4 0045e834 f   kernel32:KERNEL32.dll
 0001:0005d83a       _GetEnvironmentStrings@0   0045e83a f   kernel32:KERNEL32.dll
 0001:0005d840       _GetEnvironmentStringsW@0  0045e840 f   kernel32:KERNEL32.dll
 0001:0005d846       _SetHandleCount@4          0045e846 f   kernel32:KERNEL32.dll
 0001:0005d84c       _GetFileType@4             0045e84c f   kernel32:KERNEL32.dll
 0001:0005d852       _RtlUnwind@16              0045e852 f   kernel32:KERNEL32.dll
 0001:0005d858       _SetConsoleCtrlHandler@8   0045e858 f   kernel32:KERNEL32.dll
 0001:0005d85e       _SetStdHandle@8            0045e85e f   kernel32:KERNEL32.dll
 0001:0005d864       _FlushFileBuffers@4        0045e864 f   kernel32:KERNEL32.dll
 0001:0005d86a       _ReadFile@20               0045e86a f   kernel32:KERNEL32.dll
 0001:0005d870       _GetCPInfo@8               0045e870 f   kernel32:KERNEL32.dll
 0001:0005d876       _GetOEMCP@0                0045e876 f   kernel32:KERNEL32.dll
 0001:0005d87c       _SetEndOfFile@4            0045e87c f   kernel32:KERNEL32.dll
 0001:0005d882       _CompareStringA@24         0045e882 f   kernel32:KERNEL32.dll
 0001:0005d888       _CompareStringW@24         0045e888 f   kernel32:KERNEL32.dll
 0001:0005d88e       _SetEnvironmentVariableA@8 0045e88e f   kernel32:KERNEL32.dll
 0001:0005d8a0       _getcwd                    0045e8a0 f   LIBCD:getcwd.obj
 0001:0005d8a0       __getcwd                   0045e8a0 f   LIBCD:getcwd.obj
 0001:0005d8c0       __getdcwd                  0045e8c0 f   LIBCD:getcwd.obj
 0001:0005d9e0       __validdrive               0045e9e0 f   LIBCD:getcwd.obj
 0001:0005da30       __tempnam                  0045ea30 f   LIBCD:tempnam.obj
 0001:0005da30       _tempnam                   0045ea30 f   LIBCD:tempnam.obj
 0001:0005dd40       _chdir                     0045ed40 f   LIBCD:chdir.obj
 0001:0005dd40       __chdir                    0045ed40 f   LIBCD:chdir.obj
 0001:0005de00       ___dtoxmode                0045ee00 f   LIBCD:stat.obj
 0001:0005df50       __stat                     0045ef50 f   LIBCD:stat.obj
 0001:0005df50       _stat                      0045ef50 f   LIBCD:stat.obj
 0001:0005e4c0       _remove                    0045f4c0 f   LIBCD:unlink.obj
 0001:0005e510       __unlink                   0045f510 f   LIBCD:unlink.obj
 0001:0005e510       _unlink                    0045f510 f   LIBCD:unlink.obj
 0001:0005e530       __rmtmp                    0045f530 f   LIBCD:rmtmp.obj
 0001:0005e5c0       __mbsrchr                  0045f5c0 f   LIBCD:mbsrchr.obj
 0001:0005e680       __access                   0045f680 f   LIBCD:access.obj
 0001:0005e6e0       __mbctoupper               0045f6e0 f   LIBCD:mbtoupr.obj
 0001:0005e7c0       __mbsicmp                  0045f7c0 f   LIBCD:mbsicmp.obj
 0001:0005ea30       __fullpath                 0045fa30 f   LIBCD:fullpath.obj
 0001:0005eb10       __getdrive                 0045fb10 f   LIBCD:drive.obj
 0001:0005eb70       __chdrive                  0045fb70 f   LIBCD:drive.obj
 0001:0005ebe0       __mbctolower               0045fbe0 f   LIBCD:mbtolwr.obj
 0001:0005ecc0       __mbspbrk                  0045fcc0 f   LIBCD:mbspbrk.obj
 0001:0005ede0       _strpbrk                   0045fde0 f   LIBCD:strpbrk.obj
 0001:0005ee1a       _GetCurrentDirectoryA@8    0045fe1a f   kernel32:KERNEL32.dll
 0001:0005ee20       _GetFullPathNameA@16       0045fe20 f   kernel32:KERNEL32.dll
 0001:0005ee26       _GetDriveTypeA@4           0045fe26 f   kernel32:KERNEL32.dll
 0001:0005ee2c       _SetCurrentDirectoryA@4    0045fe2c f   kernel32:KERNEL32.dll
 0001:0005ee32       _FindClose@4               0045fe32 f   kernel32:KERNEL32.dll
 0001:0005ee38       _FileTimeToSystemTime@8    0045fe38 f   kernel32:KERNEL32.dll
 0001:0005ee3e       _FileTimeToLocalFileTime@8 0045fe3e f   kernel32:KERNEL32.dll
 0001:0005ee44       _FindFirstFileA@8          0045fe44 f   kernel32:KERNEL32.dll
 0001:0005ee4a       _DeleteFileA@4             0045fe4a f   kernel32:KERNEL32.dll
 0001:0005ee50       _GetFileAttributesA@4      0045fe50 f   kernel32:KERNEL32.dll
 0001:0006c1a0       __enc$textbss$begin        0046d1a0     <linker-defined>
 0001:0009afa0       __enc$textbss$end          0049bfa0     <linker-defined>
 0002:0000001c       ??_C@_04CLML@?4lvl?$AA@    0049c01c     Access.obj
 0002:00000024       ??_C@_00A@?$AA@            0049c024     Access.obj
 0002:00000028       ??_C@_02DILL@?$CFs?$AA@    0049c028     Access.obj
 0002:0000002c       ??_C@_01PLJA@0?$AA@        0049c02c     Access.obj
 0002:00000030       ??_C@_01FBAH@1?$AA@        0049c030     Access.obj
 0002:00000034       ??_C@_06BOJK@exists?$AA@   0049c034     Access.obj
 0002:0000003c       ??_C@_07IHHA@enabled?$AA@  0049c03c     Access.obj
 0002:00000048       ??_C@_05GCOD@group?$AA@    0049c048     Access.obj
 0002:00000050       ??_C@_08NPHI@password?$AA@ 0049c050     Access.obj
 0002:0000005c       ??_C@_05JKGE@?$CFs?5?$CFs?$AA@ 0049c05c     Access.obj
 0002:00000064       ??_C@_0L@NMCJ@DELETEUSER?$AA@ 0049c064     Access.obj
 0002:00000074       ??_C@_0L@MGAP@MODIFYUSER?$AA@ 0049c074     Access.obj
 0002:00000084       ??_C@_07GAML@ADDUSER?$AA@  0049c084     Access.obj
 0002:00000090       ??_C@_02PHBM@on?$AA@       0049c090     Access.obj
 0002:00000094       ??_C@_03OJPB@off?$AA@      0049c094     Access.obj
 0002:00000098       ??_C@_04OPJK@name?$AA@     0049c098     Access.obj
 0002:000000a0       ??_C@_02MECO@?$CFd?$AA@    0049c0a0     Access.obj
 0002:000000a4       ??_C@_0M@FIJP@accessLevel?$AA@ 0049c0a4     Access.obj
 0002:000000b4       ??_C@_05GALO@ADMIN?$AA@    0049c0b4     Access.obj
 0002:000000bc       ??_C@_05FIFP@WRITE?$AA@    0049c0bc     Access.obj
 0002:000000c4       ??_C@_01FDLN@?1?$AA@       0049c0c4     Access.obj
 0002:000000c8       ??_C@_04GHHF@READ?$AA@     0049c0c8     Access.obj
 0002:000000d0       ??_C@_01A@?$AA?$AA@        0049c0d0     Access.obj
 0002:000000d4       ??_C@_09OMPA@privilege?$AA@ 0049c0d4     Access.obj
 0002:000000e0       ??_C@_07KGBD@INVALID?$AA@  0049c0e0     Access.obj
 0002:000000ec       ??_C@_06PKBA@DIGEST?$AA@   0049c0ec     Access.obj
 0002:000000f4       ??_C@_05DJBA@BASIC?$AA@    0049c0f4     Access.obj
 0002:000000fc       ??_C@_04CLJK@FULL?$AA@     0049c0fc     Access.obj
 0002:00000104       ??_C@_04MHIC@NONE?$AA@     0049c104     Access.obj
 0002:0000010c       ??_C@_0N@OCCG@accessMethod?$AA@ 0049c10c     Access.obj
 0002:0000011c       ??_C@_0M@PHOM@DELETEGROUP?$AA@ 0049c11c     Access.obj
 0002:0000012c       ??_C@_0M@EOPG@MODIFYGROUP?$AA@ 0049c12c     Access.obj
 0002:0000013c       ??_C@_08GLFA@ADDGROUP?$AA@ 0049c13c     Access.obj
 0002:00000148       ??_C@_07MHO@protect?$AA@   0049c148     Access.obj
 0002:00000154       ??_C@_05GGPB@?$CFs?5?$CFd?$AA@ 0049c154     Cookie.obj
 0002:0000015c       ??_C@_0BA@EFII@?$DM?1head?$DO?$DM?1html?$DO?6?$AA@ 0049c15c     Cookie.obj
 0002:00000170       ??_C@_0DA@OPGO@?$DMmeta?5http?9equiv?$DN?$CCrefresh?$CC?5conte@ 0049c170     Cookie.obj
 0002:000001a0       ??_C@_09KODI@_chapter_?$AA@ 0049c1a0     UserFunc.obj
 0002:000001ac       ??_C@_0L@EONE@SERVER_URL?$AA@ 0049c1ac     Cookie.obj
 0002:000001bc       ??_C@_0O@FMDC@?$DMhtml?$DO?$DMhead?$DO?6?$AA@ 0049c1bc     Cookie.obj
 0002:000001cc       ??_C@_02PIMC@?$AN?6?$AA@   0049c1cc     Cookie.obj
 0002:000001d0       ??_C@_0BK@EJNJ@Content?9Type?3?5text?1html?$AN?6?$AA@ 0049c1d0     Cookie.obj
 0002:000001f0       ??_C@_0BK@GEGO@Cache?9control?3?5no?9cache?$AN?6?$AA@ 0049c1f0     Cookie.obj
 0002:00000210       ??_C@_0BD@ONOG@Pragma?3?5no?9cache?$AN?6?$AA@ 0049c210     Cookie.obj
 0002:00000228       ??_C@_0BH@DCBJ@Server?3?5GoAhead?9Webs?$AN?6?$AA@ 0049c228     Cookie.obj
 0002:00000244       ??_C@_0BB@IPIB@HTTP?11?40?5200?5OK?6?$AA@ 0049c244     Cookie.obj
 0002:00000258       ??_C@_06LHCJ@secure?$AA@   0049c258     Cookie.obj
 0002:00000260       ??_C@_08FFNF@redirect?$AA@ 0049c260     Cookie.obj
 0002:0000026c       ??_C@_06JHGE@domain?$AA@   0049c26c     Cookie.obj
 0002:00000274       ??_C@_04NCOD@path?$AA@     0049c274     Cookie.obj
 0002:0000027c       ??_C@_07OGJJ@expires?$AA@  0049c27c     Cookie.obj
 0002:00000288       ??_C@_03GKPL@val?$AA@      0049c288     Cookie.obj
 0002:0000028c       ??_C@_06KKDJ@cookie?$AA@   0049c28c     Cookie.obj
 0002:00000294       ??_C@_01BJG@?6?$AA@        0049c294     Cookie.obj
 0002:00000298       ??_C@_0N@GFFA@expires?$DN?$CFs?$DL?5?$AA@ 0049c298     Cookie.obj
 0002:000002a8       ??_C@_0M@KKEE@domain?$DN?$CFs?$DL?5?$AA@ 0049c2a8     Cookie.obj
 0002:000002b8       ??_C@_09KCKK@path?$DN?$CFs?$DL?5?$AA@ 0049c2b8     Cookie.obj
 0002:000002c4       ??_C@_0BE@JEDH@Set?9Cookie?3?5?$CFs?$DN?$CFs?$DL?5?$AA@ 0049c2c4     Cookie.obj
 0002:000002dc       ??_C@_05OGKG@?$CFs?4?$CFs?$AA@ 0049c2dc     Dmf.obj
 0002:000002e4       ??_C@_01PJCK@?4?$AA@       0049c2e4     Dmf.obj
 0002:000002e8       ??_C@_04HFJD@SOAP?$AA@     0049c2e8     Dmf.obj
 0002:000002f0       ??_C@_04NACE@RPC2?$AA@     0049c2f0     Dmf.obj
 0002:000002f8       ??_C@_03EDAB@Dmf?$AA@      0049c2f8     Dmf.obj
 0002:000002fc       ??_C@_0O@CHJB@userCanAccess?$AA@ 0049c2fc     Dmf.obj
 0002:0000030c       ??_C@_08BMCG@userName?$AA@ 0049c30c     Dmf.obj
 0002:00000318       ??_C@_03NHNF@set?$AA@      0049c318     Dmf.obj
 0002:0000031c       ??_C@_03MNGF@min?$AA@      0049c31c     Dmf.obj
 0002:00000320       ??_C@_03CODD@max?$AA@      0049c320     Dmf.obj
 0002:00000324       ??_C@_06PKD@getVal?$AA@    0049c324     Dmf.obj
 0002:0000032c       ??_C@_0O@OABF@getUserDetail?$AA@ 0049c32c     Dmf.obj
 0002:0000033c       ??_C@_07MOFP@getTime?$AA@  0049c33c     Dmf.obj
 0002:00000348       ??_C@_0BB@MNDH@getRequestNumber?$AA@ 0049c348     Dmf.obj
 0002:0000035c       ??_C@_0M@DOPK@getQueryVal?$AA@ 0049c35c     Dmf.obj
 0002:0000036c       ??_C@_0M@NBL@getNextUser?$AA@ 0049c36c     Dmf.obj
 0002:0000037c       ??_C@_0M@BMCN@getLanguage?$AA@ 0049c37c     Dmf.obj
 0002:0000038c       ??_C@_0M@KJAL@getLabelVal?$AA@ 0049c38c     Dmf.obj
[...]
 0003:00001774       __fltused                  004a4774     LIBCD:fpinit.obj
 0003:00001778       __ldused                   004a4778     LIBCD:fpinit.obj
 0003:0000177c       __FPinit                   004a477c     LIBCD:fpinit.obj
 0003:00001780       __FPmtinit                 004a4780     LIBCD:fpinit.obj
 0003:00001784       __FPmtterm                 004a4784     LIBCD:fpinit.obj
 0003:00001790       __crtDbgFlag               004a4790     LIBCD:dbgheap.obj
 0003:00001798       __crtBreakAlloc            004a4798     LIBCD:dbgheap.obj
 0003:000017c4       __aexit_rtn                004a47c4     LIBCD:wincrt0.obj
 0003:000017c8       ___app_type                004a47c8     LIBCD:wincrt0.obj
 0003:000017d0       __crtAssertBusy            004a47d0     LIBCD:dbgrpt.obj
 0003:000017d4       __CrtDbgMode               004a47d4     LIBCD:dbgrpt.obj
 0003:000017e0       __CrtDbgFile               004a47e0     LIBCD:dbgrpt.obj
 0003:00001800       ___nullstring              004a4800     LIBCD:output.obj
 0003:00001804       ___wnullstring             004a4804     LIBCD:output.obj
 0003:00001808       __timezone                 004a4808     LIBCD:timeset.obj
 0003:0000180c       __daylight                 004a480c     LIBCD:timeset.obj
 0003:00001810       __dstbias                  004a4810     LIBCD:timeset.obj
 0003:00001894       __tzname                   004a4894     LIBCD:timeset.obj
 0003:000018bc       __lpdays                   004a48bc     LIBCD:days.obj
 0003:000018f0       __days                     004a48f0     LIBCD:days.obj
 0003:00001930       __cfltcvt_tab              004a4930     LIBCD:cmiscdat.obj
 0003:00001948       __pfnAllocHook             004a4948     LIBCD:dbghook.obj
 0003:0000194c       __amblksiz                 004a494c     LIBCD:heapinit.obj
 0003:00001950       ___sbh_threshold           004a4950     LIBCD:sbheap.obj
 0003:00001ac0       __XcptActTab               004a4ac0     LIBCD:winxfltr.obj
 0003:00001b38       __First_FPE_Indx           004a4b38     LIBCD:winxfltr.obj
 0003:00001b3c       __Num_FPE                  004a4b3c     LIBCD:winxfltr.obj
 0003:00001b40       __XcptActTabCount          004a4b40     LIBCD:winxfltr.obj
 0003:00001b44       __fpecode                  004a4b44     LIBCD:winxfltr.obj
 0003:00001b48       ___badioinfo               004a4b48     LIBCD:ioinit.obj
 0003:00001b50       __NLG_Destination          004a4b50     LIBCD:exsup.obj
 0003:00001bf0       __iob                      004a4bf0     LIBCD:_file.obj
 0003:00001f98       __pow10pos                 004a4f98     LIBCD:constpow.obj
 0003:000020f8       __pow10neg                 004a50f8     LIBCD:constpow.obj
 0003:00002254       __tmpoff                   004a5254     LIBCD:rmtmp.obj
 0003:00002258       __tempoff                  004a5258     LIBCD:rmtmp.obj
 0003:00002694       _sLocalFile                004a5694     Locals.obj
 0003:00002784       _ringqGrowCalls            004a5784     ringq.obj
 0003:000027d8       _websRomPageIndex          004a57d8     webrom.obj
 0003:000027f0       _websHostUrl               004a57f0     webs.obj
 0003:000027f4       _websIpaddrUrl             004a57f4     webs.obj
 0003:00002858       ___fastflag                004a5858     LIBCD:fpinit.obj
 0003:0000285c       __adjust_fdiv              004a585c     LIBCD:fpinit.obj
 0003:00002878       _errno                     004a5878     LIBCD:crt0dat.obj
 0003:0000287c       __doserrno                 004a587c     LIBCD:crt0dat.obj
 0003:00002880       __umaskval                 004a5880     LIBCD:crt0dat.obj
 0003:00002884       __osver                    004a5884     LIBCD:crt0dat.obj
 0003:00002888       __winver                   004a5888     LIBCD:crt0dat.obj
 0003:0000288c       __winmajor                 004a588c     LIBCD:crt0dat.obj
 0003:00002890       __winminor                 004a5890     LIBCD:crt0dat.obj
 0003:00002894       ___argc                    004a5894     LIBCD:crt0dat.obj
 0003:00002898       ___argv                    004a5898     LIBCD:crt0dat.obj
 0003:0000289c       ___wargv                   004a589c     LIBCD:crt0dat.obj
 0003:000028a0       __environ                  004a58a0     LIBCD:crt0dat.obj
 0003:000028a4       ___initenv                 004a58a4     LIBCD:crt0dat.obj
 0003:000028a8       __wenviron                 004a58a8     LIBCD:crt0dat.obj
 0003:000028ac       ___winitenv                004a58ac     LIBCD:crt0dat.obj
 0003:000028b0       __pgmptr                   004a58b0     LIBCD:crt0dat.obj
 0003:000028b4       __wpgmptr                  004a58b4     LIBCD:crt0dat.obj
 0003:000028b8       __exitflag                 004a58b8     LIBCD:crt0dat.obj
 0003:000028bc       __C_Termination_Done       004a58bc     LIBCD:crt0dat.obj
 0003:000028c0       __C_Exit_Done              004a58c0     LIBCD:crt0dat.obj
 0003:000028e4       __aenvptr                  004a58e4     LIBCD:wincrt0.obj
 0003:000028e8       __wenvptr                  004a58e8     LIBCD:wincrt0.obj
 0003:000028ec       ___error_mode              004a58ec     LIBCD:wincrt0.obj
 0003:000028f8       __stdbuf                   004a58f8     LIBCD:_sftbuf.obj
 0003:000029cc       __newmode                  004a59cc     LIBCD:_newmode.obj
 0003:000029d0       ?_pnhHeap@@3P6AHI@ZA       004a59d0     LIBCD:handler.obj
 0003:000029f4       ___lc_handle               004a59f4     LIBCD:nlsdata2.obj
 0003:00002a0c       ___lc_codepage             004a5a0c     LIBCD:nlsdata2.obj
 0003:00002a10       ___lc_collate_cp           004a5a10     LIBCD:nlsdata2.obj
 0003:00002a14       __pxcptinfoptrs            004a5a14     LIBCD:winxfltr.obj
 0003:00002b20       __adbgmsg                  004a5b20     LIBCD:crt0msg.obj
 0003:00002b44       __cflush                   004a5b44     LIBCD:_file.obj
 0003:00002b48       __commode                  004a5b48     LIBCD:ncommode.obj
 0003:00002b84       __fmode                    004a5b84     LIBCD:txtmode.obj
 0003:00002b8c       __old_pfxlen               004a5b8c     LIBCD:rmtmp.obj
 0003:00002ba0       _gValues                   004a5ba0     <common>
 0003:00002e80       _gSystemInfo               004a5e80     <common>
 0003:00002fe8       _websPort                  004a5fe8     <common>
 0003:0000301c       _websMax                   004a601c     <common>
 0003:00003020       _websHost                  004a6020     <common>
 0003:00003060       _websMime                  004a6060     <common>
 0003:00003064       _webs                      004a6064     <common>
 0003:00003080       _websStats                 004a6080     <common>
 0003:000030c0       _websIpaddr                004a60c0     <common>
 0003:00003100       _emfInst                   004a6100     <common>
 0003:0000310c       _socketList                004a610c     <common>
 0003:0000311c       _socketMax                 004a611c     <common>
 0003:00003120       _ejHandles                 004a6120     <common>
 0003:0000312c       ___mbcodepage              004a612c     <common>
 0003:000031b0       ___mbulinfo                004a61b0     <common>
 0003:000031bc       ___ismbcodepage            004a61bc     <common>
 0003:000031c0       __mbcasemap                004a61c0     <common>
 0003:000032c0       __mbctype                  004a62c0     <common>
 0003:000033c4       ___mblcid                  004a63c4     <common>
 0003:000033c8       ___piob                    004a63c8     <common>
 0003:00003720       __bufin                    004a6720     <common>
 0003:00004720       __nstream                  004a7720     <common>
 0003:00004740       ___pioinfo                 004a7740     <common>
 0003:0000487c       __nhandle                  004a787c     <common>
 0003:00004880       ___sbh_sizeHeaderList      004a7880     <common>
 0003:00004890       ___sbh_indGroupDefer       004a7890     <common>
 0003:00004894       ___sbh_pHeaderScan         004a7894     <common>
 0003:00004898       ___sbh_pHeaderDefer        004a7898     <common>
 0003:0000489c       ___sbh_cntHeaderList       004a789c     <common>
 0003:000048a0       ___sbh_pHeaderList         004a78a0     <common>
 0003:000048a4       __crtheap                  004a78a4     <common>
 0003:000048b0       __pfnReportHook            004a78b0     <common>
 0003:000048bc       __acmdln                   004a78bc     <common>
 0003:000048c8       ___env_initialized         004a78c8     <common>
 0003:000048d8       ___mbctype_initialized     004a78d8     <common>
 0003:000048dc       ___onexitend               004a78dc     <common>
 0003:000048e0       ___onexitbegin             004a78e0     <common>
 0003:000048e4       __pfnDumpClient            004a78e4     <common>
 0003:000048f0       ___alternate_form          004a78f0     <common>
 0003:00004900       ___no_lead_zeros           004a7900     <common>
 0004:00000000       __IMPORT_DESCRIPTOR_WSOCK32 004a8000     wsock32:WSOCK32.dll
 0004:00000014       __IMPORT_DESCRIPTOR_KERNEL32 004a8014     kernel32:KERNEL32.dll
 0004:00000028       __IMPORT_DESCRIPTOR_USER32 004a8028     user32:USER32.dll
 0004:0000003c       __NULL_IMPORT_DESCRIPTOR   004a803c     wsock32:WSOCK32.dll
 0004:00000320       __imp__GetTimeZoneInformation@4 004a8320     kernel32:KERNEL32.dll
 0004:00000324       __imp__GetSystemTime@4     004a8324     kernel32:KERNEL32.dll
 0004:00000328       __imp__DeleteFileA@4       004a8328     kernel32:KERNEL32.dll
 0004:0000032c       __imp__FindFirstFileA@8    004a832c     kernel32:KERNEL32.dll
 0004:00000330       __imp__GetFileAttributesA@4 004a8330     kernel32:KERNEL32.dll
 0004:00000334       __imp__FileTimeToSystemTime@8 004a8334     kernel32:KERNEL32.dll
 0004:00000338       __imp__FindClose@4         004a8338     kernel32:KERNEL32.dll
 0004:0000033c       __imp__FileTimeToLocalFileTime@8 004a833c     kernel32:KERNEL32.dll
 0004:00000340       __imp__GetDriveTypeA@4     004a8340     kernel32:KERNEL32.dll
 0004:00000344       __imp__GetFullPathNameA@16 004a8344     kernel32:KERNEL32.dll
 0004:00000348       __imp__SetCurrentDirectoryA@4 004a8348     kernel32:KERNEL32.dll
 0004:0000034c       __imp__SetEnvironmentVariableA@8 004a834c     kernel32:KERNEL32.dll
 0004:00000350       __imp__CompareStringW@24   004a8350     kernel32:KERNEL32.dll
 0004:00000354       __imp__GetCurrentDirectoryA@8 004a8354     kernel32:KERNEL32.dll
 0004:00000358       __imp__SetEndOfFile@4      004a8358     kernel32:KERNEL32.dll
 0004:0000035c       __imp__GetOEMCP@0          004a835c     kernel32:KERNEL32.dll
 0004:00000360       __imp__CompareStringA@24   004a8360     kernel32:KERNEL32.dll
 0004:00000364       __imp__ReadFile@20         004a8364     kernel32:KERNEL32.dll
 0004:00000368       __imp__FlushFileBuffers@4  004a8368     kernel32:KERNEL32.dll
 0004:0000036c       __imp__GetCPInfo@8         004a836c     kernel32:KERNEL32.dll
 0004:00000370       __imp__SetConsoleCtrlHandler@8 004a8370     kernel32:KERNEL32.dll
 0004:00000374       __imp__RtlUnwind@16        004a8374     kernel32:KERNEL32.dll
 0004:00000378       __imp__SetStdHandle@8      004a8378     kernel32:KERNEL32.dll
 0004:0000037c       __imp__SetHandleCount@4    004a837c     kernel32:KERNEL32.dll
 0004:00000380       __imp__GetEnvironmentStringsW@0 004a8380     kernel32:KERNEL32.dll
 0004:00000384       __imp__LocalFree@4         004a8384     kernel32:KERNEL32.dll
 0004:00000388       __imp__LocalHandle@4       004a8388     kernel32:KERNEL32.dll
 0004:0000038c       __imp__LocalAlloc@8        004a838c     kernel32:KERNEL32.dll
 0004:00000390       __imp__MultiByteToWideChar@24 004a8390     kernel32:KERNEL32.dll
 0004:00000394       __imp__GetACP@0            004a8394     kernel32:KERNEL32.dll
 0004:00000398       __imp__lstrlenA@4          004a8398     kernel32:KERNEL32.dll
 0004:0000039c       __imp__CloseHandle@4       004a839c     kernel32:KERNEL32.dll
 0004:000003a0       __imp__CreateProcessA@40   004a83a0     kernel32:KERNEL32.dll
 0004:000003a4       __imp__SetFilePointer@16   004a83a4     kernel32:KERNEL32.dll
 0004:000003a8       __imp__CreateFileA@28      004a83a8     kernel32:KERNEL32.dll
 0004:000003ac       __imp__GetExitCodeProcess@8 004a83ac     kernel32:KERNEL32.dll
 0004:000003b0       __imp__Sleep@4             004a83b0     kernel32:KERNEL32.dll
 0004:000003b4       __imp__GetVersionExA@4     004a83b4     kernel32:KERNEL32.dll
 0004:000003b8       __imp__ExitProcess@4       004a83b8     kernel32:KERNEL32.dll
 0004:000003bc       __imp__MoveFileA@8         004a83bc     kernel32:KERNEL32.dll
 0004:000003c0       __imp__FreeEnvironmentStringsW@4 004a83c0     kernel32:KERNEL32.dll
 0004:000003c4       __imp__FreeEnvironmentStringsA@4 004a83c4     kernel32:KERNEL32.dll
 0004:000003c8       __imp__UnhandledExceptionFilter@4 004a83c8     kernel32:KERNEL32.dll
 0004:000003cc       __imp__LCMapStringW@24     004a83cc     kernel32:KERNEL32.dll
 0004:000003d0       __imp__LCMapStringA@24     004a83d0     kernel32:KERNEL32.dll
 0004:000003d4       __imp__VirtualAlloc@16     004a83d4     kernel32:KERNEL32.dll
 0004:000003d8       __imp__VirtualFree@12      004a83d8     kernel32:KERNEL32.dll
 0004:000003dc       __imp__HeapCreate@12       004a83dc     kernel32:KERNEL32.dll
 0004:000003e0       __imp__HeapDestroy@4       004a83e0     kernel32:KERNEL32.dll
 0004:000003e4       __imp__HeapFree@12         004a83e4     kernel32:KERNEL32.dll
 0004:000003e8       __imp__HeapReAlloc@16      004a83e8     kernel32:KERNEL32.dll
 0004:000003ec       __imp__HeapAlloc@12        004a83ec     kernel32:KERNEL32.dll
 0004:000003f0       __imp__WideCharToMultiByte@32 004a83f0     kernel32:KERNEL32.dll
 0004:000003f4       __imp__GetStringTypeW@16   004a83f4     kernel32:KERNEL32.dll
 0004:000003f8       __imp__GetStringTypeA@20   004a83f8     kernel32:KERNEL32.dll
 0004:000003fc       __imp__GetModuleFileNameA@12 004a83fc     kernel32:KERNEL32.dll
 0004:00000400       __imp__InterlockedIncrement@4 004a8400     kernel32:KERNEL32.dll
 0004:00000404       __imp__LoadLibraryA@4      004a8404     kernel32:KERNEL32.dll
 0004:00000408       __imp__GetProcAddress@8    004a8408     kernel32:KERNEL32.dll
 0004:0000040c       __imp__OutputDebugStringA@4 004a840c     kernel32:KERNEL32.dll
 0004:00000410       __imp__InterlockedDecrement@4 004a8410     kernel32:KERNEL32.dll
 0004:00000414       __imp__WriteFile@20        004a8414     kernel32:KERNEL32.dll
 0004:00000418       __imp__GetEnvironmentStrings@0 004a8418     kernel32:KERNEL32.dll
 0004:0000041c       __imp__GetFileType@4       004a841c     kernel32:KERNEL32.dll
 0004:00000420       __imp__GetLocalTime@4      004a8420     kernel32:KERNEL32.dll
 0004:00000424       __imp__IsBadWritePtr@8     004a8424     kernel32:KERNEL32.dll
 0004:00000428       __imp__IsBadReadPtr@8      004a8428     kernel32:KERNEL32.dll
 0004:0000042c       __imp__HeapValidate@12     004a842c     kernel32:KERNEL32.dll
 0004:00000430       __imp__GetLastError@0      004a8430     kernel32:KERNEL32.dll
 0004:00000434       __imp__GetStdHandle@4      004a8434     kernel32:KERNEL32.dll
 0004:00000438       __imp__TerminateProcess@8  004a8438     kernel32:KERNEL32.dll
 0004:0000043c       __imp__GetCurrentProcess@0 004a843c     kernel32:KERNEL32.dll
 0004:00000440       __imp__GetModuleHandleA@4  004a8440     kernel32:KERNEL32.dll
 0004:00000444       __imp__GetStartupInfoA@4   004a8444     kernel32:KERNEL32.dll
 0004:00000448       __imp__GetCommandLineA@0   004a8448     kernel32:KERNEL32.dll
 0004:0000044c       __imp__GetVersion@0        004a844c     kernel32:KERNEL32.dll
 0004:00000450       __imp__DebugBreak@0        004a8450     kernel32:KERNEL32.dll
 0004:00000454       \177KERNEL32_NULL_THUNK_DATA 004a8454     kernel32:KERNEL32.dll
 0004:000004bc       __imp__GetWindowRect@8     004a84bc     user32:USER32.dll
 0004:000004c0       __imp__GetSystemMetrics@4  004a84c0     user32:USER32.dll
 0004:000004c4       __imp__SetWindowPos@28     004a84c4     user32:USER32.dll
 0004:000004c8       __imp__EndDialog@8         004a84c8     user32:USER32.dll
 0004:000004cc       __imp__PostMessageA@16     004a84cc     user32:USER32.dll
 0004:000004d0       __imp__GetDlgItem@8        004a84d0     user32:USER32.dll
 0004:000004d4       __imp__SetWindowTextA@8    004a84d4     user32:USER32.dll
 0004:000004d8       __imp__CreateDialogIndirectParamA@20 004a84d8     user32:USER32.dll
 0004:000004dc       __imp__PeekMessageA@20     004a84dc     user32:USER32.dll
 0004:000004e0       __imp__GetMessageA@16      004a84e0     user32:USER32.dll
 0004:000004e4       __imp__TranslateMessage@4  004a84e4     user32:USER32.dll
 0004:000004e8       __imp__DispatchMessageA@4  004a84e8     user32:USER32.dll
 0004:000004ec       __imp__PostQuitMessage@4   004a84ec     user32:USER32.dll
 0004:000004f0       __imp__DefWindowProcA@16   004a84f0     user32:USER32.dll
 0004:000004f4       __imp__UnregisterClassA@8  004a84f4     user32:USER32.dll
 0004:000004f8       __imp__DestroyWindow@4     004a84f8     user32:USER32.dll
 0004:000004fc       __imp__LoadCursorA@8       004a84fc     user32:USER32.dll
 0004:00000500       __imp__RegisterClassA@4    004a8500     user32:USER32.dll
 0004:00000504       __imp__CreateWindowExA@48  004a8504     user32:USER32.dll
 0004:00000508       __imp__GetSystemMenu@8     004a8508     user32:USER32.dll
 0004:0000050c       __imp__AppendMenuA@16      004a850c     user32:USER32.dll
 0004:00000510       __imp__ShowWindow@8        004a8510     user32:USER32.dll
 0004:00000514       __imp__UpdateWindow@4      004a8514     user32:USER32.dll
 0004:00000518       \177USER32_NULL_THUNK_DATA 004a8518     user32:USER32.dll
 0004:00000554       __imp__ntohs@4             004a8554     wsock32:WSOCK32.dll
 0004:00000558       __imp__ioctlsocket@12      004a8558     wsock32:WSOCK32.dll
 0004:0000055c       __imp__accept@12           004a855c     wsock32:WSOCK32.dll
 0004:00000560       __imp__recvfrom@24         004a8560     wsock32:WSOCK32.dll
 0004:00000564       __imp__select@20           004a8564     wsock32:WSOCK32.dll
 0004:00000568       __imp____WSAFDIsSet@8      004a8568     wsock32:WSOCK32.dll
 0004:0000056c       __imp__connect@12          004a856c     wsock32:WSOCK32.dll
 0004:00000570       __imp__socket@12           004a8570     wsock32:WSOCK32.dll
 0004:00000574       __imp__setsockopt@20       004a8574     wsock32:WSOCK32.dll
 0004:00000578       __imp__WSAStartup@8        004a8578     wsock32:WSOCK32.dll
 0004:0000057c       __imp__bind@12             004a857c     wsock32:WSOCK32.dll
 0004:00000580       __imp__listen@8            004a8580     wsock32:WSOCK32.dll
 0004:00000584       __imp__shutdown@8          004a8584     wsock32:WSOCK32.dll
 0004:00000588       __imp__WSACleanup@0        004a8588     wsock32:WSOCK32.dll
 0004:0000058c       __imp__WSAGetLastError@0   004a858c     wsock32:WSOCK32.dll
 0004:00000590       __imp__htons@4             004a8590     wsock32:WSOCK32.dll
 0004:00000594       __imp__recv@16             004a8594     wsock32:WSOCK32.dll
 0004:00000598       __imp__closesocket@4       004a8598     wsock32:WSOCK32.dll
 0004:0000059c       __imp__send@16             004a859c     wsock32:WSOCK32.dll
 0004:000005a0       __imp__sendto@24           004a85a0     wsock32:WSOCK32.dll
 0004:000005a4       __imp__inet_addr@4         004a85a4     wsock32:WSOCK32.dll
 0004:000005a8       __imp__inet_ntoa@4         004a85a8     wsock32:WSOCK32.dll
 0004:000005ac       __imp__gethostname@8       004a85ac     wsock32:WSOCK32.dll
 0004:000005b0       __imp__gethostbyname@4     004a85b0     wsock32:WSOCK32.dll
 0004:000005b4       \177WSOCK32_NULL_THUNK_DATA 004a85b4     wsock32:WSOCK32.dll

 entry point at        0001:0004fd70

